Archive member included to satisfy reference by file (symbol)

d:/mounriver_studio/toolchain/risc-v embedded gcc/bin/../lib/gcc/riscv-none-embed/8.2.0/rv32imacxw/ilp32\libgcc.a(save-restore.o)
                              ./DAP/Source/DAP.o (__riscv_save_12)
d:/mounriver_studio/toolchain/risc-v embedded gcc/bin/../lib/gcc/riscv-none-embed/8.2.0/../../../../riscv-none-embed/lib/rv32imacxw/ilp32\libg_nano.a(lib_a-memcmp.o)
                              ./CherryDAP/dap_main.o (memcmp)
d:/mounriver_studio/toolchain/risc-v embedded gcc/bin/../lib/gcc/riscv-none-embed/8.2.0/../../../../riscv-none-embed/lib/rv32imacxw/ilp32\libg_nano.a(lib_a-memcpy.o)
                              ./CherryUSB/usbd_cdc.o (memcpy)
d:/mounriver_studio/toolchain/risc-v embedded gcc/bin/../lib/gcc/riscv-none-embed/8.2.0/../../../../riscv-none-embed/lib/rv32imacxw/ilp32\libg_nano.a(lib_a-memset.o)
                              ./CherryUSB/usb_dc_usbhs.o (memset)
d:/mounriver_studio/toolchain/risc-v embedded gcc/bin/../lib/gcc/riscv-none-embed/8.2.0/../../../../riscv-none-embed/lib/rv32imacxw/ilp32\libg_nano.a(lib_a-printf.o)
                              ./CherryUSB/usbd_cdc.o (printf)
d:/mounriver_studio/toolchain/risc-v embedded gcc/bin/../lib/gcc/riscv-none-embed/8.2.0/../../../../riscv-none-embed/lib/rv32imacxw/ilp32\libg_nano.a(lib_a-puts.o)
                              ./CherryUSB/usbd_core.o (puts)
d:/mounriver_studio/toolchain/risc-v embedded gcc/bin/../lib/gcc/riscv-none-embed/8.2.0/../../../../riscv-none-embed/lib/rv32imacxw/ilp32\libg_nano.a(lib_a-sprintf.o)
                              ./DAP/Source/DAP.o (sprintf)
d:/mounriver_studio/toolchain/risc-v embedded gcc/bin/../lib/gcc/riscv-none-embed/8.2.0/../../../../riscv-none-embed/lib/rv32imacxw/ilp32\libg_nano.a(lib_a-strlen.o)
                              ./DAP/Source/DAP.o (strlen)
d:/mounriver_studio/toolchain/risc-v embedded gcc/bin/../lib/gcc/riscv-none-embed/8.2.0/../../../../riscv-none-embed/lib/rv32imacxw/ilp32\libg_nano.a(lib_a-wbuf.o)
                              d:/mounriver_studio/toolchain/risc-v embedded gcc/bin/../lib/gcc/riscv-none-embed/8.2.0/../../../../riscv-none-embed/lib/rv32imacxw/ilp32\libg_nano.a(lib_a-puts.o) (__swbuf_r)
d:/mounriver_studio/toolchain/risc-v embedded gcc/bin/../lib/gcc/riscv-none-embed/8.2.0/../../../../riscv-none-embed/lib/rv32imacxw/ilp32\libg_nano.a(lib_a-wsetup.o)
                              d:/mounriver_studio/toolchain/risc-v embedded gcc/bin/../lib/gcc/riscv-none-embed/8.2.0/../../../../riscv-none-embed/lib/rv32imacxw/ilp32\libg_nano.a(lib_a-puts.o) (__swsetup_r)
d:/mounriver_studio/toolchain/risc-v embedded gcc/bin/../lib/gcc/riscv-none-embed/8.2.0/../../../../riscv-none-embed/lib/rv32imacxw/ilp32\libg_nano.a(lib_a-fflush.o)
                              d:/mounriver_studio/toolchain/risc-v embedded gcc/bin/../lib/gcc/riscv-none-embed/8.2.0/../../../../riscv-none-embed/lib/rv32imacxw/ilp32\libg_nano.a(lib_a-wbuf.o) (_fflush_r)
d:/mounriver_studio/toolchain/risc-v embedded gcc/bin/../lib/gcc/riscv-none-embed/8.2.0/../../../../riscv-none-embed/lib/rv32imacxw/ilp32\libg_nano.a(lib_a-findfp.o)
                              d:/mounriver_studio/toolchain/risc-v embedded gcc/bin/../lib/gcc/riscv-none-embed/8.2.0/../../../../riscv-none-embed/lib/rv32imacxw/ilp32\libg_nano.a(lib_a-printf.o) (__sinit)
d:/mounriver_studio/toolchain/risc-v embedded gcc/bin/../lib/gcc/riscv-none-embed/8.2.0/../../../../riscv-none-embed/lib/rv32imacxw/ilp32\libg_nano.a(lib_a-fwalk.o)
                              d:/mounriver_studio/toolchain/risc-v embedded gcc/bin/../lib/gcc/riscv-none-embed/8.2.0/../../../../riscv-none-embed/lib/rv32imacxw/ilp32\libg_nano.a(lib_a-findfp.o) (_fwalk)
d:/mounriver_studio/toolchain/risc-v embedded gcc/bin/../lib/gcc/riscv-none-embed/8.2.0/../../../../riscv-none-embed/lib/rv32imacxw/ilp32\libg_nano.a(lib_a-impure.o)
                              d:/mounriver_studio/toolchain/risc-v embedded gcc/bin/../lib/gcc/riscv-none-embed/8.2.0/../../../../riscv-none-embed/lib/rv32imacxw/ilp32\libg_nano.a(lib_a-fflush.o) (_global_impure_ptr)
d:/mounriver_studio/toolchain/risc-v embedded gcc/bin/../lib/gcc/riscv-none-embed/8.2.0/../../../../riscv-none-embed/lib/rv32imacxw/ilp32\libg_nano.a(lib_a-makebuf.o)
                              d:/mounriver_studio/toolchain/risc-v embedded gcc/bin/../lib/gcc/riscv-none-embed/8.2.0/../../../../riscv-none-embed/lib/rv32imacxw/ilp32\libg_nano.a(lib_a-wsetup.o) (__smakebuf_r)
d:/mounriver_studio/toolchain/risc-v embedded gcc/bin/../lib/gcc/riscv-none-embed/8.2.0/../../../../riscv-none-embed/lib/rv32imacxw/ilp32\libg_nano.a(lib_a-nano-freer.o)
                              d:/mounriver_studio/toolchain/risc-v embedded gcc/bin/../lib/gcc/riscv-none-embed/8.2.0/../../../../riscv-none-embed/lib/rv32imacxw/ilp32\libg_nano.a(lib_a-wsetup.o) (_free_r)
[...]
Memory Configuration

Name             Origin             Length             Attributes
FLASH            0x0000000000000000 0x0000000000020000 xr
RAM              0x0000000020000000 0x0000000000008000 xrw
*default*        0x0000000000000000 0xffffffffffffffff

Linker script and memory map

LOAD ./User/ch32v30x_it.o
LOAD ./User/main.o
LOAD ./User/system_ch32v30x.o
LOAD ./User/usb2uart.o
LOAD ./Startup/startup_ch32v30x_D8C.o
LOAD ./Peripheral/src/ch32v30x_adc.o
LOAD ./Peripheral/src/ch32v30x_bkp.o
LOAD ./Peripheral/src/ch32v30x_can.o
LOAD ./Peripheral/src/ch32v30x_crc.o
LOAD ./Peripheral/src/ch32v30x_dac.o
LOAD ./Peripheral/src/ch32v30x_dbgmcu.o
LOAD ./Peripheral/src/ch32v30x_dma.o
LOAD ./Peripheral/src/ch32v30x_dvp.o
LOAD ./Peripheral/src/ch32v30x_eth.o
LOAD ./Peripheral/src/ch32v30x_exti.o
LOAD ./Peripheral/src/ch32v30x_flash.o
LOAD ./Peripheral/src/ch32v30x_fsmc.o
LOAD ./Peripheral/src/ch32v30x_gpio.o
LOAD ./Peripheral/src/ch32v30x_i2c.o
LOAD ./Peripheral/src/ch32v30x_iwdg.o
LOAD ./Peripheral/src/ch32v30x_misc.o
LOAD ./Peripheral/src/ch32v30x_opa.o
LOAD ./Peripheral/src/ch32v30x_pwr.o
LOAD ./Peripheral/src/ch32v30x_rcc.o
LOAD ./Peripheral/src/ch32v30x_rng.o
LOAD ./Peripheral/src/ch32v30x_rtc.o
LOAD ./Peripheral/src/ch32v30x_sdio.o
LOAD ./Peripheral/src/ch32v30x_spi.o
LOAD ./Peripheral/src/ch32v30x_tim.o
LOAD ./Peripheral/src/ch32v30x_usart.o
LOAD ./Peripheral/src/ch32v30x_wwdg.o
LOAD ./Debug/debug.o
LOAD ./DAP/Source/DAP.o
LOAD ./DAP/Source/DAP_vendor.o
LOAD ./DAP/Source/JTAG_DP.o
LOAD ./DAP/Source/SWO.o
LOAD ./DAP/Source/SW_DP.o
LOAD ./DAP/Source/UART.o
LOAD ./DAP/swd_host.o
LOAD ./Core/core_riscv.o
LOAD ./CherryUSB/usb_dc_usbhs.o
LOAD ./CherryUSB/usbd_cdc.o
LOAD ./CherryUSB/usbd_core.o
LOAD ./CherryRB/chry_ringbuffer.o
LOAD ./CherryDAP/dap_main.o
LOAD d:/mounriver_studio/toolchain/risc-v embedded gcc/bin/../lib/gcc/riscv-none-embed/8.2.0/../../../../riscv-none-embed/lib/rv32imacxw/ilp32\libm.a
LOAD d:/mounriver_studio/toolchain/risc-v embedded gcc/bin/../lib/gcc/riscv-none-embed/8.2.0/rv32imacxw/ilp32\libgcc.a
LOAD d:/mounriver_studio/toolchain/risc-v embedded gcc/bin/../lib/gcc/riscv-none-embed/8.2.0/../../../../riscv-none-embed/lib/rv32imacxw/ilp32\libg_nano.a
LOAD d:/mounriver_studio/toolchain/risc-v embedded gcc/bin/../lib/gcc/riscv-none-embed/8.2.0/../../../../riscv-none-embed/lib/rv32imacxw/ilp32\libc_nano.a
LOAD d:/mounriver_studio/toolchain/risc-v embedded gcc/bin/../lib/gcc/riscv-none-embed/8.2.0/rv32imacxw/ilp32\libgcc.a
START GROUP
LOAD d:/mounriver_studio/toolchain/risc-v embedded gcc/bin/../lib/gcc/riscv-none-embed/8.2.0/rv32imacxw/ilp32\libgcc.a
LOAD d:/mounriver_studio/toolchain/risc-v embedded gcc/bin/../lib/gcc/riscv-none-embed/8.2.0/../../../../riscv-none-embed/lib/rv32imacxw/ilp32\libc_nano.a
LOAD d:/mounriver_studio/toolchain/risc-v embedded gcc/bin/../lib/gcc/riscv-none-embed/8.2.0/../../../../riscv-none-embed/lib/rv32imacxw/ilp32\libnosys.a
END GROUP
START GROUP
LOAD d:/mounriver_studio/toolchain/risc-v embedded gcc/bin/../lib/gcc/riscv-none-embed/8.2.0/rv32imacxw/ilp32\libgcc.a
LOAD d:/mounriver_studio/toolchain/risc-v embedded gcc/bin/../lib/gcc/riscv-none-embed/8.2.0/../../../../riscv-none-embed/lib/rv32imacxw/ilp32\libc_nano.a
LOAD d:/mounriver_studio/toolchain/risc-v embedded gcc/bin/../lib/gcc/riscv-none-embed/8.2.0/../../../../riscv-none-embed/lib/rv32imacxw/ilp32\libnosys.a
END GROUP
                0x0000000000000800                __stack_size = 0x800
                [!provide]                        PROVIDE (_stack_size = __stack_size)

.init           0x0000000000000000       0x38
                0x0000000000000000                _sinit = .
                0x0000000000000000                . = ALIGN (0x4)
 *(SORT_NONE(.init))
 .init          0x0000000000000000       0x38 ./Startup/startup_ch32v30x_D8C.o
                0x0000000000000000                _start
                0x0000000000000038                . = ALIGN (0x4)
                0x0000000000000038                _einit = .

.vector         0x0000000000000038      0x1c8
 *(.vector)
 .vector        0x0000000000000038      0x1a0 ./Startup/startup_ch32v30x_D8C.o
                0x0000000000000200                . = ALIGN (0x40)
 *fill*         0x00000000000001d8       0x28 

.text           0x0000000000000200     0x8a4c
                0x0000000000000200                . = ALIGN (0x4)
 *(.text)
 .text          0x0000000000000200       0x60 d:/mounriver_studio/toolchain/risc-v embedded gcc/bin/../lib/gcc/riscv-none-embed/8.2.0/rv32imacxw/ilp32\libgcc.a(save-restore.o)
                0x0000000000000200                __riscv_save_12
                0x0000000000000208                __riscv_save_9
                0x0000000000000208                __riscv_save_11
                0x0000000000000208                __riscv_save_10
                0x0000000000000208                __riscv_save_8
                0x0000000000000216                __riscv_save_4
                0x0000000000000216                __riscv_save_6
                0x0000000000000216                __riscv_save_5
                0x0000000000000216                __riscv_save_7
                0x0000000000000230                __riscv_save_3
                0x0000000000000230                __riscv_save_2
                0x0000000000000230                __riscv_save_1
                0x0000000000000230                __riscv_save_0
                0x000000000000023c                __riscv_restore_12
                0x0000000000000240                __riscv_restore_11
                0x0000000000000240                __riscv_restore_9
                0x0000000000000240                __riscv_restore_10
                0x0000000000000240                __riscv_restore_8
                0x000000000000024a                __riscv_restore_5
                0x000000000000024a                __riscv_restore_7
                0x000000000000024a                __riscv_restore_6
                0x000000000000024a                __riscv_restore_4
                0x0000000000000254                __riscv_restore_3
                0x0000000000000254                __riscv_restore_0
                0x0000000000000254                __riscv_restore_2
                0x0000000000000254                __riscv_restore_1
 .text          0x0000000000000260       0xa8 d:/mounriver_studio/toolchain/risc-v embedded gcc/bin/../lib/gcc/riscv-none-embed/8.2.0/../../../../riscv-none-embed/lib/rv32imacxw/ilp32\libg_nano.a(lib_a-memset.o)
                0x0000000000000260                memset
 *(.text.*)
 .text.NMI_Handler
                0x0000000000000308        0x4 ./User/ch32v30x_it.o
                0x0000000000000308                NMI_Handler
 .text.HardFault_Handler
                0x000000000000030c        0x2 ./User/ch32v30x_it.o
                0x000000000000030c                HardFault_Handler
 .text.usb_dc_low_level_init
                0x000000000000030e       0x3c ./User/main.o
                0x000000000000030e                usb_dc_low_level_init
 .text.check_iap_status
                0x000000000000034a       0x5e ./User/main.o
                0x000000000000034a                check_iap_status
 .text.startup.main
                0x00000000000003a8       0x38 ./User/main.o
                0x00000000000003a8                main
 .text.SystemInit
                0x00000000000003e0      0x10a ./User/system_ch32v30x.o
                0x00000000000003e0                SystemInit
 .text.SystemCoreClockUpdate
                0x00000000000004ea      0x116 ./User/system_ch32v30x.o
                0x00000000000004ea                SystemCoreClockUpdate
 .text.uartx_preinit
                0x0000000000000600      0x13e ./User/usb2uart.o
                0x0000000000000600                uartx_preinit
 .text.chry_dap_usb2uart_uart_config_callback
                0x000000000000073e       0x7c ./User/usb2uart.o
                0x000000000000073e                chry_dap_usb2uart_uart_config_callback
 .text.vector_handler
                0x00000000000007ba       0xbe ./Startup/startup_ch32v30x_D8C.o
                0x00000000000007be                Ecall_M_Mode_Handler
                0x00000000000007c0                Ecall_U_Mode_Handler
                0x00000000000007c2                Break_Point_Handler
                0x00000000000007c4                SysTick_Handler
                0x00000000000007c6                SW_Handler
                0x00000000000007c8                WWDG_IRQHandler
                0x00000000000007ca                PVD_IRQHandler
                0x00000000000007cc                TAMPER_IRQHandler
                0x00000000000007ce                RTC_IRQHandler
                0x00000000000007d0                FLASH_IRQHandler
                0x00000000000007d2                RCC_IRQHandler
                0x00000000000007d4                EXTI0_IRQHandler
                0x00000000000007d6                EXTI1_IRQHandler
                0x00000000000007d8                EXTI2_IRQHandler
                0x00000000000007da                EXTI3_IRQHandler
                0x00000000000007dc                EXTI4_IRQHandler
                0x00000000000007de                DMA1_Channel1_IRQHandler
                0x00000000000007e0                DMA1_Channel2_IRQHandler
                0x00000000000007e2                DMA1_Channel3_IRQHandler
                0x00000000000007e4                DMA1_Channel4_IRQHandler
                0x00000000000007e6                DMA1_Channel5_IRQHandler
                0x00000000000007e8                DMA1_Channel6_IRQHandler
                0x00000000000007ea                DMA1_Channel7_IRQHandler
                0x00000000000007ec                ADC1_2_IRQHandler
                0x00000000000007ee                USB_HP_CAN1_TX_IRQHandler
                0x00000000000007f0                USB_LP_CAN1_RX0_IRQHandler
                0x00000000000007f2                CAN1_RX1_IRQHandler
                0x00000000000007f4                CAN1_SCE_IRQHandler
                0x00000000000007f6                EXTI9_5_IRQHandler
                0x00000000000007f8                TIM1_BRK_IRQHandler
                0x00000000000007fa                TIM1_UP_IRQHandler
                0x00000000000007fc                TIM1_TRG_COM_IRQHandler
                0x00000000000007fe                TIM1_CC_IRQHandler
                0x0000000000000800                TIM2_IRQHandler
                0x0000000000000802                TIM3_IRQHandler
                0x0000000000000804                TIM4_IRQHandler
                0x0000000000000806                I2C1_EV_IRQHandler
                0x0000000000000808                I2C1_ER_IRQHandler
                0x000000000000080a                I2C2_EV_IRQHandler
                0x000000000000080c                I2C2_ER_IRQHandler
                0x000000000000080e                SPI1_IRQHandler
                0x0000000000000810                SPI2_IRQHandler
                0x0000000000000812                USART1_IRQHandler
                0x0000000000000814                USART2_IRQHandler
                0x0000000000000816                USART3_IRQHandler
                0x0000000000000818                EXTI15_10_IRQHandler
                0x000000000000081a                RTCAlarm_IRQHandler
                0x000000000000081c                USBWakeUp_IRQHandler
                0x000000000000081e                TIM8_BRK_IRQHandler
                0x0000000000000820                TIM8_UP_IRQHandler
                0x0000000000000822                TIM8_TRG_COM_IRQHandler
                0x0000000000000824                TIM8_CC_IRQHandler
                0x0000000000000826                RNG_IRQHandler
                0x0000000000000828                FSMC_IRQHandler
                0x000000000000082a                SDIO_IRQHandler
                0x000000000000082c                TIM5_IRQHandler
                0x000000000000082e                SPI3_IRQHandler
                0x0000000000000830                UART4_IRQHandler
                0x0000000000000832                UART5_IRQHandler
                0x0000000000000834                TIM6_IRQHandler
                0x0000000000000836                TIM7_IRQHandler
                0x0000000000000838                DMA2_Channel1_IRQHandler
                0x000000000000083a                DMA2_Channel2_IRQHandler
                0x000000000000083c                DMA2_Channel3_IRQHandler
                0x000000000000083e                DMA2_Channel4_IRQHandler
                0x0000000000000840                DMA2_Channel5_IRQHandler
                0x0000000000000842                ETH_IRQHandler
                0x0000000000000844                ETH_WKUP_IRQHandler
                0x0000000000000846                CAN2_TX_IRQHandler
                0x0000000000000848                CAN2_RX0_IRQHandler
                0x000000000000084a                CAN2_RX1_IRQHandler
                0x000000000000084c                CAN2_SCE_IRQHandler
                0x000000000000084e                OTG_FS_IRQHandler
                0x0000000000000850                USBHSWakeup_IRQHandler
                0x0000000000000854                DVP_IRQHandler
                0x0000000000000856                UART6_IRQHandler
                0x0000000000000858                UART7_IRQHandler
                0x000000000000085a                UART8_IRQHandler
                0x000000000000085c                TIM9_BRK_IRQHandler
                0x000000000000085e                TIM9_UP_IRQHandler
                0x0000000000000860                TIM9_TRG_COM_IRQHandler
                0x0000000000000862                TIM9_CC_IRQHandler
                0x0000000000000864                TIM10_BRK_IRQHandler
                0x0000000000000866                TIM10_UP_IRQHandler
                0x0000000000000868                TIM10_TRG_COM_IRQHandler
                0x000000000000086a                TIM10_CC_IRQHandler
                0x000000000000086c                DMA2_Channel6_IRQHandler
                0x000000000000086e                DMA2_Channel7_IRQHandler
                0x0000000000000870                DMA2_Channel8_IRQHandler
                0x0000000000000872                DMA2_Channel9_IRQHandler
                0x0000000000000874                DMA2_Channel10_IRQHandler
                0x0000000000000876                DMA2_Channel11_IRQHandler
 .text.handle_reset
                0x0000000000000878       0x92 ./Startup/startup_ch32v30x_D8C.o
                0x0000000000000878                handle_reset
 .text.DMA_DeInit
                0x000000000000090a      0x1b0 ./Peripheral/src/ch32v30x_dma.o
                0x000000000000090a                DMA_DeInit
 .text.DMA_Init
                0x0000000000000aba       0x40 ./Peripheral/src/ch32v30x_dma.o
                0x0000000000000aba                DMA_Init
 .text.DMA_Cmd  0x0000000000000afa       0x16 ./Peripheral/src/ch32v30x_dma.o
                0x0000000000000afa                DMA_Cmd
 .text.DMA_SetCurrDataCounter
                0x0000000000000b10        0x4 ./Peripheral/src/ch32v30x_dma.o
                0x0000000000000b10                DMA_SetCurrDataCounter
 .text.DMA_GetCurrDataCounter
                0x0000000000000b14        0x8 ./Peripheral/src/ch32v30x_dma.o
                0x0000000000000b14                DMA_GetCurrDataCounter
 .text.GPIO_Init
                0x0000000000000b1c      0x480 ./Peripheral/src/ch32v30x_gpio.o
                0x0000000000000b1c                GPIO_Init
 .text.GPIO_ReadInputDataBit
                0x0000000000000f9c        0xa ./Peripheral/src/ch32v30x_gpio.o
                0x0000000000000f9c                GPIO_ReadInputDataBit
 .text.GPIO_SetBits
                0x0000000000000fa6        0x4 ./Peripheral/src/ch32v30x_gpio.o
                0x0000000000000fa6                GPIO_SetBits
 .text.NVIC_PriorityGroupConfig
                0x0000000000000faa        0xa ./Peripheral/src/ch32v30x_misc.o
                0x0000000000000faa                NVIC_PriorityGroupConfig
 .text.RCC_GetClocksFreq
                0x0000000000000fb4      0x198 ./Peripheral/src/ch32v30x_rcc.o
                0x0000000000000fb4                RCC_GetClocksFreq
 .text.RCC_AHBPeriphClockCmd
                0x000000000000114c       0x1e ./Peripheral/src/ch32v30x_rcc.o
                0x000000000000114c                RCC_AHBPeriphClockCmd
 .text.RCC_APB2PeriphClockCmd
                0x000000000000116a       0x1e ./Peripheral/src/ch32v30x_rcc.o
                0x000000000000116a                RCC_APB2PeriphClockCmd
 .text.RCC_APB1PeriphClockCmd
                0x0000000000001188       0x1e ./Peripheral/src/ch32v30x_rcc.o
                0x0000000000001188                RCC_APB1PeriphClockCmd
 .text.RCC_USBHSConfig
                0x00000000000011a6       0x1a ./Peripheral/src/ch32v30x_rcc.o
                0x00000000000011a6                RCC_USBHSConfig
 .text.RCC_USBHSPLLCLKConfig
                0x00000000000011c0       0x1a ./Peripheral/src/ch32v30x_rcc.o
                0x00000000000011c0                RCC_USBHSPLLCLKConfig
 .text.RCC_USBHSPLLCKREFCLKConfig
                0x00000000000011da       0x1a ./Peripheral/src/ch32v30x_rcc.o
                0x00000000000011da                RCC_USBHSPLLCKREFCLKConfig
 .text.RCC_USBHSPHYPLLALIVEcmd
                0x00000000000011f4       0x24 ./Peripheral/src/ch32v30x_rcc.o
                0x00000000000011f4                RCC_USBHSPHYPLLALIVEcmd
 .text.RCC_USBCLK48MConfig
                0x0000000000001218       0x16 ./Peripheral/src/ch32v30x_rcc.o
                0x0000000000001218                RCC_USBCLK48MConfig
 .text.USART_Init
                0x000000000000122e       0xe0 ./Peripheral/src/ch32v30x_usart.o
                0x000000000000122e                USART_Init
 .text.USART_Cmd
                0x000000000000130e       0x18 ./Peripheral/src/ch32v30x_usart.o
                0x000000000000130e                USART_Cmd
 .text.USART_DMACmd
                0x0000000000001326       0x14 ./Peripheral/src/ch32v30x_usart.o
                0x0000000000001326                USART_DMACmd
 .text.USART_SendData
                0x000000000000133a        0x8 ./Peripheral/src/ch32v30x_usart.o
                0x000000000000133a                USART_SendData
 .text.USART_GetFlagStatus
                0x0000000000001342        0xa ./Peripheral/src/ch32v30x_usart.o
                0x0000000000001342                USART_GetFlagStatus
 .text.USART_ClearFlag
                0x000000000000134c        0xc ./Peripheral/src/ch32v30x_usart.o
                0x000000000000134c                USART_ClearFlag
 .text.Delay_Init
                0x0000000000001358       0x32 ./Debug/debug.o
                0x0000000000001358                Delay_Init
 .text._write   0x000000000000138a        0x4 ./Debug/debug.o
                0x000000000000138a                _write
 .text._sbrk    0x000000000000138e       0x2c ./Debug/debug.o
                0x000000000000138e                _sbrk
 .text.DAP_ProcessCommand
                0x00000000000013ba     0x17d6 ./DAP/Source/DAP.o
                0x00000000000013ba                DAP_ProcessCommand
 .text.DAP_ExecuteCommand
                0x0000000000002b90       0x5c ./DAP/Source/DAP.o
                0x0000000000002b90                DAP_ExecuteCommand
 .text.DAP_Setup
                0x0000000000002bec       0x68 ./DAP/Source/DAP.o
                0x0000000000002bec                DAP_Setup
 .text.DAP_ProcessVendorCommand
                0x0000000000002c54        0xa ./DAP/Source/DAP_vendor.o
                0x0000000000002c54                DAP_ProcessVendorCommand
 .text.JTAG_Sequence
                0x0000000000002c5e       0xd2 ./DAP/Source/JTAG_DP.o
                0x0000000000002c5e                JTAG_Sequence
 .text.JTAG_ReadIDCode
                0x0000000000002d30      0x19a ./DAP/Source/JTAG_DP.o
                0x0000000000002d30                JTAG_ReadIDCode
 .text.JTAG_WriteAbort
                0x0000000000002eca      0x2cc ./DAP/Source/JTAG_DP.o
                0x0000000000002eca                JTAG_WriteAbort
 .text.JTAG_IR  0x0000000000003196      0x3da ./DAP/Source/JTAG_DP.o
                0x0000000000003196                JTAG_IR
 .text.JTAG_Transfer
                0x0000000000003570      0x7b4 ./DAP/Source/JTAG_DP.o
                0x0000000000003570                JTAG_Transfer
 .text.SWJ_Sequence
                0x0000000000003d24       0x6a ./DAP/Source/SW_DP.o
                0x0000000000003d24                SWJ_Sequence
 .text.SWD_Sequence
                0x0000000000003d8e       0xde ./DAP/Source/SW_DP.o
                0x0000000000003d8e                SWD_Sequence
 .text.SWD_Transfer
                0x0000000000003e6c      0x9ae ./DAP/Source/SW_DP.o
                0x0000000000003e6c                SWD_Transfer
 .text.swd_write_data
                0x000000000000481a       0x80 ./DAP/swd_host.o
 .text.swd_write_ap.constprop.9
                0x000000000000489a       0xaa ./DAP/swd_host.o
 .text.target_nvic_system_reset
                0x0000000000004944       0x2e ./DAP/swd_host.o
                0x0000000000004944                target_nvic_system_reset
 .text.usb_dc_init
                0x0000000000004972       0x54 ./CherryUSB/usb_dc_usbhs.o
                0x0000000000004972                usb_dc_init
 .text.usbd_set_address
                0x00000000000049c6       0x18 ./CherryUSB/usb_dc_usbhs.o
                0x00000000000049c6                usbd_set_address
 .text.usbd_ep_open
                0x00000000000049de       0xcc ./CherryUSB/usb_dc_usbhs.o
                0x00000000000049de                usbd_ep_open
 .text.usbd_ep_close
                0x0000000000004aaa        0x4 ./CherryUSB/usb_dc_usbhs.o
                0x0000000000004aaa                usbd_ep_close
 .text.usbd_ep_set_stall
                0x0000000000004aae       0x5e ./CherryUSB/usb_dc_usbhs.o
                0x0000000000004aae                usbd_ep_set_stall
 .text.usbd_ep_clear_stall
                0x0000000000004b0c       0x2e ./CherryUSB/usb_dc_usbhs.o
                0x0000000000004b0c                usbd_ep_clear_stall
 .text.usbd_ep_start_write
                0x0000000000004b3a       0xfc ./CherryUSB/usb_dc_usbhs.o
                0x0000000000004b3a                usbd_ep_start_write
 .text.usbd_ep_start_read
                0x0000000000004c36       0xc6 ./CherryUSB/usb_dc_usbhs.o
                0x0000000000004c36                usbd_ep_start_read
 .text.USBHS_IRQHandler
                0x0000000000004cfc      0x3da ./CherryUSB/usb_dc_usbhs.o
                0x0000000000004cfc                USBHS_IRQHandler
 .text.usbd_cdc_acm_init_intf
                0x00000000000050d6       0x18 ./CherryUSB/usbd_cdc.o
                0x00000000000050d6                usbd_cdc_acm_init_intf
 .text.usbd_cdc_acm_set_dtr
                0x00000000000050ee        0x2 ./CherryUSB/usbd_cdc.o
                0x00000000000050ee                usbd_cdc_acm_set_dtr
 .text.usbd_cdc_acm_set_rts
                0x00000000000050f0        0x2 ./CherryUSB/usbd_cdc.o
                0x00000000000050f0                usbd_cdc_acm_set_rts
 .text.usbd_cdc_acm_send_break
                0x00000000000050f2        0x2 ./CherryUSB/usbd_cdc.o
                0x00000000000050f2                usbd_cdc_acm_send_break
 .text.cdc_acm_class_interface_request_handler
                0x00000000000050f4       0xfc ./CherryUSB/usbd_cdc.o
 .text.usbd_event_ep0_in_complete_handler
                0x00000000000051f0       0x54 ./CherryUSB/usbd_core.o
                0x00000000000051f0                usbd_event_ep0_in_complete_handler
 .text.usbd_event_ep_in_complete_handler
                0x0000000000005244       0x26 ./CherryUSB/usbd_core.o
                0x0000000000005244                usbd_event_ep_in_complete_handler
 .text.usbd_event_ep_out_complete_handler
                0x000000000000526a       0x26 ./CherryUSB/usbd_core.o
                0x000000000000526a                usbd_event_ep_out_complete_handler
 .text.usbd_desc_register
                0x0000000000005290       0x3e ./CherryUSB/usbd_core.o
                0x0000000000005290                usbd_desc_register
 .text.usbd_msosv2_desc_register
                0x00000000000052ce        0x6 ./CherryUSB/usbd_core.o
                0x00000000000052ce                usbd_msosv2_desc_register
 .text.usbd_bos_desc_register
                0x00000000000052d4        0x6 ./CherryUSB/usbd_core.o
                0x00000000000052d4                usbd_bos_desc_register
 .text.usbd_add_interface
                0x00000000000052da       0x1c ./CherryUSB/usbd_core.o
                0x00000000000052da                usbd_add_interface
 .text.usbd_add_endpoint
                0x00000000000052f6       0x46 ./CherryUSB/usbd_core.o
                0x00000000000052f6                usbd_add_endpoint
 .text.usb_device_is_configured
                0x000000000000533c        0xa ./CherryUSB/usbd_core.o
                0x000000000000533c                usb_device_is_configured
 .text.usbd_initialize
                0x0000000000005346        0xc ./CherryUSB/usbd_core.o
                0x0000000000005346                usbd_initialize
 .text.usbd_event_reset_handler
                0x0000000000005352       0x66 ./CherryUSB/usbd_core.o
                0x0000000000005352                usbd_event_reset_handler
 .text.usbd_event_ep0_out_complete_handler
                0x00000000000053b8      0x946 ./CherryUSB/usbd_core.o
                0x00000000000053b8                usbd_event_ep0_out_complete_handler
 .text.usbd_event_ep0_setup_complete_handler
                0x0000000000005cfe      0xa80 ./CherryUSB/usbd_core.o
                0x0000000000005cfe                usbd_event_ep0_setup_complete_handler
 .text.chry_ringbuffer_init
                0x000000000000677e       0x26 ./CherryRB/chry_ringbuffer.o
                0x000000000000677e                chry_ringbuffer_init
 .text.chry_ringbuffer_reset_read
                0x00000000000067a4        0x6 ./CherryRB/chry_ringbuffer.o
                0x00000000000067a4                chry_ringbuffer_reset_read
 .text.chry_ringbuffer_get_used
                0x00000000000067aa        0xa ./CherryRB/chry_ringbuffer.o
                0x00000000000067aa                chry_ringbuffer_get_used
 .text.chry_ringbuffer_get_free
                0x00000000000067b4       0x10 ./CherryRB/chry_ringbuffer.o
                0x00000000000067b4                chry_ringbuffer_get_free
 .text.chry_ringbuffer_write
                0x00000000000067c4       0x54 ./CherryRB/chry_ringbuffer.o
                0x00000000000067c4                chry_ringbuffer_write
 .text.chry_ringbuffer_linear_read_setup
                0x0000000000006818       0x46 ./CherryRB/chry_ringbuffer.o
                0x0000000000006818                chry_ringbuffer_linear_read_setup
 .text.chry_ringbuffer_linear_read_done
                0x000000000000685e       0x14 ./CherryRB/chry_ringbuffer.o
                0x000000000000685e                chry_ringbuffer_linear_read_done
 .text.dap_out_callback
                0x0000000000006872       0x96 ./CherryDAP/dap_main.o
                0x0000000000006872                dap_out_callback
 .text.dap_in_callback
                0x0000000000006908       0x82 ./CherryDAP/dap_main.o
                0x0000000000006908                dap_in_callback
 .text.usbd_cdc_acm_bulk_out
                0x000000000000698a       0x46 ./CherryDAP/dap_main.o
                0x000000000000698a                usbd_cdc_acm_bulk_out
 .text.usbd_cdc_acm_bulk_in
                0x00000000000069d0       0x38 ./CherryDAP/dap_main.o
                0x00000000000069d0                usbd_cdc_acm_bulk_in
 .text.usbd_event_handler
                0x0000000000006a08       0x60 ./CherryDAP/dap_main.o
                0x0000000000006a08                usbd_event_handler
 .text.chry_dap_init
                0x0000000000006a68       0xf4 ./CherryDAP/dap_main.o
                0x0000000000006a68                chry_dap_init
 .text.chry_dap_handle
                0x0000000000006b5c      0x1d4 ./CherryDAP/dap_main.o
                0x0000000000006b5c                chry_dap_handle
 .text.usbd_cdc_acm_set_line_coding
                0x0000000000006d30       0x50 ./CherryDAP/dap_main.o
                0x0000000000006d30                usbd_cdc_acm_set_line_coding
 .text.usbd_cdc_acm_get_line_coding
                0x0000000000006d80       0x2e ./CherryDAP/dap_main.o
                0x0000000000006d80                usbd_cdc_acm_get_line_coding
 .text.chry_dap_usb2uart_handle
                0x0000000000006dae      0x196 ./CherryDAP/dap_main.o
                0x0000000000006dae                chry_dap_usb2uart_handle
 .text.memcmp   0x0000000000006f44       0x24 d:/mounriver_studio/toolchain/risc-v embedded gcc/bin/../lib/gcc/riscv-none-embed/8.2.0/../../../../riscv-none-embed/lib/rv32imacxw/ilp32\libg_nano.a(lib_a-memcmp.o)
                0x0000000000006f44                memcmp
 .text.memcpy   0x0000000000006f68       0xb2 d:/mounriver_studio/toolchain/risc-v embedded gcc/bin/../lib/gcc/riscv-none-embed/8.2.0/../../../../riscv-none-embed/lib/rv32imacxw/ilp32\libg_nano.a(lib_a-memcpy.o)
                0x0000000000006f68                memcpy
 .text.printf   0x000000000000701a       0x40 d:/mounriver_studio/toolchain/risc-v embedded gcc/bin/../lib/gcc/riscv-none-embed/8.2.0/../../../../riscv-none-embed/lib/rv32imacxw/ilp32\libg_nano.a(lib_a-printf.o)
                0x000000000000701a                iprintf
                0x000000000000701a                printf
 .text._puts_r  0x000000000000705a       0xd4 d:/mounriver_studio/toolchain/risc-v embedded gcc/bin/../lib/gcc/riscv-none-embed/8.2.0/../../../../riscv-none-embed/lib/rv32imacxw/ilp32\libg_nano.a(lib_a-puts.o)
                0x000000000000705a                _puts_r
 .text.puts     0x000000000000712e        0xc d:/mounriver_studio/toolchain/risc-v embedded gcc/bin/../lib/gcc/riscv-none-embed/8.2.0/../../../../riscv-none-embed/lib/rv32imacxw/ilp32\libg_nano.a(lib_a-puts.o)
                0x000000000000712e                puts
 .text.sprintf  0x000000000000713a       0x46 d:/mounriver_studio/toolchain/risc-v embedded gcc/bin/../lib/gcc/riscv-none-embed/8.2.0/../../../../riscv-none-embed/lib/rv32imacxw/ilp32\libg_nano.a(lib_a-sprintf.o)
                0x000000000000713a                siprintf
                0x000000000000713a                sprintf
 .text.strlen   0x0000000000007180       0x12 d:/mounriver_studio/toolchain/risc-v embedded gcc/bin/../lib/gcc/riscv-none-embed/8.2.0/../../../../riscv-none-embed/lib/rv32imacxw/ilp32\libg_nano.a(lib_a-strlen.o)
                0x0000000000007180                strlen
 .text.__swbuf_r
                0x0000000000007192       0xbc d:/mounriver_studio/toolchain/risc-v embedded gcc/bin/../lib/gcc/riscv-none-embed/8.2.0/../../../../riscv-none-embed/lib/rv32imacxw/ilp32\libg_nano.a(lib_a-wbuf.o)
                0x0000000000007192                __swbuf_r
 .text.__swsetup_r
                0x000000000000724e       0xfc d:/mounriver_studio/toolchain/risc-v embedded gcc/bin/../lib/gcc/riscv-none-embed/8.2.0/../../../../riscv-none-embed/lib/rv32imacxw/ilp32\libg_nano.a(lib_a-wsetup.o)
                0x000000000000724e                __swsetup_r
 .text.__sflush_r
                0x000000000000734a      0x130 d:/mounriver_studio/toolchain/risc-v embedded gcc/bin/../lib/gcc/riscv-none-embed/8.2.0/../../../../riscv-none-embed/lib/rv32imacxw/ilp32\libg_nano.a(lib_a-fflush.o)
                0x000000000000734a                __sflush_r
 .text._fflush_r
                0x000000000000747a       0x66 d:/mounriver_studio/toolchain/risc-v embedded gcc/bin/../lib/gcc/riscv-none-embed/8.2.0/../../../../riscv-none-embed/lib/rv32imacxw/ilp32\libg_nano.a(lib_a-fflush.o)
                0x000000000000747a                _fflush_r
 .text.std      0x00000000000074e0       0x66 d:/mounriver_studio/toolchain/risc-v embedded gcc/bin/../lib/gcc/riscv-none-embed/8.2.0/../../../../riscv-none-embed/lib/rv32imacxw/ilp32\libg_nano.a(lib_a-findfp.o)
 .text._cleanup_r
                0x0000000000007546        0xa d:/mounriver_studio/toolchain/risc-v embedded gcc/bin/../lib/gcc/riscv-none-embed/8.2.0/../../../../riscv-none-embed/lib/rv32imacxw/ilp32\libg_nano.a(lib_a-findfp.o)
                0x0000000000007546                _cleanup_r
 .text.__sfmoreglue
                0x0000000000007550       0x46 d:/mounriver_studio/toolchain/risc-v embedded gcc/bin/../lib/gcc/riscv-none-embed/8.2.0/../../../../riscv-none-embed/lib/rv32imacxw/ilp32\libg_nano.a(lib_a-findfp.o)
                0x0000000000007550                __sfmoreglue
 .text.__sinit  0x0000000000007596       0x6c d:/mounriver_studio/toolchain/risc-v embedded gcc/bin/../lib/gcc/riscv-none-embed/8.2.0/../../../../riscv-none-embed/lib/rv32imacxw/ilp32\libg_nano.a(lib_a-findfp.o)
                0x0000000000007596                __sinit
 .text.__sfp    0x0000000000007602       0xa0 d:/mounriver_studio/toolchain/risc-v embedded gcc/bin/../lib/gcc/riscv-none-embed/8.2.0/../../../../riscv-none-embed/lib/rv32imacxw/ilp32\libg_nano.a(lib_a-findfp.o)
                0x0000000000007602                __sfp
 .text._fwalk_reent
                0x00000000000076a2       0x6a d:/mounriver_studio/toolchain/risc-v embedded gcc/bin/../lib/gcc/riscv-none-embed/8.2.0/../../../../riscv-none-embed/lib/rv32imacxw/ilp32\libg_nano.a(lib_a-fwalk.o)
                0x00000000000076a2                _fwalk_reent
 .text.__swhatbuf_r
                0x000000000000770c       0x58 d:/mounriver_studio/toolchain/risc-v embedded gcc/bin/../lib/gcc/riscv-none-embed/8.2.0/../../../../riscv-none-embed/lib/rv32imacxw/ilp32\libg_nano.a(lib_a-makebuf.o)
                0x000000000000770c                __swhatbuf_r
 .text.__smakebuf_r
                0x0000000000007764       0x92 d:/mounriver_studio/toolchain/risc-v embedded gcc/bin/../lib/gcc/riscv-none-embed/8.2.0/../../../../riscv-none-embed/lib/rv32imacxw/ilp32\libg_nano.a(lib_a-makebuf.o)
                0x0000000000007764                __smakebuf_r
 .text._free_r  0x00000000000077f6       0xb0 d:/mounriver_studio/toolchain/risc-v embedded gcc/bin/../lib/gcc/riscv-none-embed/8.2.0/../../../../riscv-none-embed/lib/rv32imacxw/ilp32\libg_nano.a(lib_a-nano-freer.o)
                0x00000000000077f6                _free_r
 .text._malloc_r
                0x00000000000078a6       0xea d:/mounriver_studio/toolchain/risc-v embedded gcc/bin/../lib/gcc/riscv-none-embed/8.2.0/../../../../riscv-none-embed/lib/rv32imacxw/ilp32\libg_nano.a(lib_a-nano-mallocr.o)
                0x00000000000078a6                _malloc_r
 .text.__ssputs_r
                0x0000000000007990       0xe4 d:/mounriver_studio/toolchain/risc-v embedded gcc/bin/../lib/gcc/riscv-none-embed/8.2.0/../../../../riscv-none-embed/lib/rv32imacxw/ilp32\libg_nano.a(lib_a-nano-svfprintf.o)
                0x0000000000007990                __ssputs_r
 .text._svfprintf_r
                0x0000000000007a74      0x26a d:/mounriver_studio/toolchain/risc-v embedded gcc/bin/../lib/gcc/riscv-none-embed/8.2.0/../../../../riscv-none-embed/lib/rv32imacxw/ilp32\libg_nano.a(lib_a-nano-svfprintf.o)
                0x0000000000007a74                _svfiprintf_r
                0x0000000000007a74                _svfprintf_r
 .text.__sfputc_r
                0x0000000000007cde       0x28 d:/mounriver_studio/toolchain/risc-v embedded gcc/bin/../lib/gcc/riscv-none-embed/8.2.0/../../../../riscv-none-embed/lib/rv32imacxw/ilp32\libg_nano.a(lib_a-nano-vfprintf.o)
 .text.__sfputs_r
                0x0000000000007d06       0x42 d:/mounriver_studio/toolchain/risc-v embedded gcc/bin/../lib/gcc/riscv-none-embed/8.2.0/../../../../riscv-none-embed/lib/rv32imacxw/ilp32\libg_nano.a(lib_a-nano-vfprintf.o)
                0x0000000000007d06                __sfputs_r
 .text._vfprintf_r
                0x0000000000007d48      0x288 d:/mounriver_studio/toolchain/risc-v embedded gcc/bin/../lib/gcc/riscv-none-embed/8.2.0/../../../../riscv-none-embed/lib/rv32imacxw/ilp32\libg_nano.a(lib_a-nano-vfprintf.o)
                0x0000000000007d48                _vfprintf_r
                0x0000000000007d48                _vfiprintf_r
 .text._printf_common
                0x0000000000007fd0      0x10c d:/mounriver_studio/toolchain/risc-v embedded gcc/bin/../lib/gcc/riscv-none-embed/8.2.0/../../../../riscv-none-embed/lib/rv32imacxw/ilp32\libg_nano.a(lib_a-nano-vfprintf_i.o)
                0x0000000000007fd0                _printf_common
 .text._printf_i
                0x00000000000080dc      0x2a2 d:/mounriver_studio/toolchain/risc-v embedded gcc/bin/../lib/gcc/riscv-none-embed/8.2.0/../../../../riscv-none-embed/lib/rv32imacxw/ilp32\libg_nano.a(lib_a-nano-vfprintf_i.o)
                0x00000000000080dc                _printf_i
 .text._sbrk_r  0x000000000000837e       0x32 d:/mounriver_studio/toolchain/risc-v embedded gcc/bin/../lib/gcc/riscv-none-embed/8.2.0/../../../../riscv-none-embed/lib/rv32imacxw/ilp32\libg_nano.a(lib_a-sbrkr.o)
                0x000000000000837e                _sbrk_r
 .text.__sread  0x00000000000083b0       0x2c d:/mounriver_studio/toolchain/risc-v embedded gcc/bin/../lib/gcc/riscv-none-embed/8.2.0/../../../../riscv-none-embed/lib/rv32imacxw/ilp32\libg_nano.a(lib_a-stdio.o)
                0x00000000000083b0                __sread
 .text.__swrite
                0x00000000000083dc       0x48 d:/mounriver_studio/toolchain/risc-v embedded gcc/bin/../lib/gcc/riscv-none-embed/8.2.0/../../../../riscv-none-embed/lib/rv32imacxw/ilp32\libg_nano.a(lib_a-stdio.o)
                0x00000000000083dc                __swrite
 .text.__sseek  0x0000000000008424       0x30 d:/mounriver_studio/toolchain/risc-v embedded gcc/bin/../lib/gcc/riscv-none-embed/8.2.0/../../../../riscv-none-embed/lib/rv32imacxw/ilp32\libg_nano.a(lib_a-stdio.o)
                0x0000000000008424                __sseek
 .text.__sclose
                0x0000000000008454        0x6 d:/mounriver_studio/toolchain/risc-v embedded gcc/bin/../lib/gcc/riscv-none-embed/8.2.0/../../../../riscv-none-embed/lib/rv32imacxw/ilp32\libg_nano.a(lib_a-stdio.o)
                0x0000000000008454                __sclose
 .text._write_r
                0x000000000000845a       0x36 d:/mounriver_studio/toolchain/risc-v embedded gcc/bin/../lib/gcc/riscv-none-embed/8.2.0/../../../../riscv-none-embed/lib/rv32imacxw/ilp32\libg_nano.a(lib_a-writer.o)
                0x000000000000845a                _write_r
 .text._close_r
                0x0000000000008490       0x30 d:/mounriver_studio/toolchain/risc-v embedded gcc/bin/../lib/gcc/riscv-none-embed/8.2.0/../../../../riscv-none-embed/lib/rv32imacxw/ilp32\libg_nano.a(lib_a-closer.o)
                0x0000000000008490                _close_r
 .text._fstat_r
                0x00000000000084c0       0x32 d:/mounriver_studio/toolchain/risc-v embedded gcc/bin/../lib/gcc/riscv-none-embed/8.2.0/../../../../riscv-none-embed/lib/rv32imacxw/ilp32\libg_nano.a(lib_a-fstatr.o)
                0x00000000000084c0                _fstat_r
 .text._isatty_r
                0x00000000000084f2       0x30 d:/mounriver_studio/toolchain/risc-v embedded gcc/bin/../lib/gcc/riscv-none-embed/8.2.0/../../../../riscv-none-embed/lib/rv32imacxw/ilp32\libg_nano.a(lib_a-isattyr.o)
                0x00000000000084f2                _isatty_r
 .text._lseek_r
                0x0000000000008522       0x34 d:/mounriver_studio/toolchain/risc-v embedded gcc/bin/../lib/gcc/riscv-none-embed/8.2.0/../../../../riscv-none-embed/lib/rv32imacxw/ilp32\libg_nano.a(lib_a-lseekr.o)
                0x0000000000008522                _lseek_r
 .text.memchr   0x0000000000008556       0x18 d:/mounriver_studio/toolchain/risc-v embedded gcc/bin/../lib/gcc/riscv-none-embed/8.2.0/../../../../riscv-none-embed/lib/rv32imacxw/ilp32\libg_nano.a(lib_a-memchr.o)
                0x0000000000008556                memchr
 .text.memmove  0x000000000000856e       0x46 d:/mounriver_studio/toolchain/risc-v embedded gcc/bin/../lib/gcc/riscv-none-embed/8.2.0/../../../../riscv-none-embed/lib/rv32imacxw/ilp32\libg_nano.a(lib_a-memmove.o)
                0x000000000000856e                memmove
 .text.__malloc_lock
                0x00000000000085b4        0x2 d:/mounriver_studio/toolchain/risc-v embedded gcc/bin/../lib/gcc/riscv-none-embed/8.2.0/../../../../riscv-none-embed/lib/rv32imacxw/ilp32\libg_nano.a(lib_a-mlock.o)
                0x00000000000085b4                __malloc_lock
 .text.__malloc_unlock
                0x00000000000085b6        0x2 d:/mounriver_studio/toolchain/risc-v embedded gcc/bin/../lib/gcc/riscv-none-embed/8.2.0/../../../../riscv-none-embed/lib/rv32imacxw/ilp32\libg_nano.a(lib_a-mlock.o)
                0x00000000000085b6                __malloc_unlock
 .text._realloc_r
                0x00000000000085b8       0x58 d:/mounriver_studio/toolchain/risc-v embedded gcc/bin/../lib/gcc/riscv-none-embed/8.2.0/../../../../riscv-none-embed/lib/rv32imacxw/ilp32\libg_nano.a(lib_a-nano-reallocr.o)
                0x00000000000085b8                _realloc_r
 .text._read_r  0x0000000000008610       0x34 d:/mounriver_studio/toolchain/risc-v embedded gcc/bin/../lib/gcc/riscv-none-embed/8.2.0/../../../../riscv-none-embed/lib/rv32imacxw/ilp32\libg_nano.a(lib_a-readr.o)
                0x0000000000008610                _read_r
 .text._malloc_usable_size_r
                0x0000000000008644       0x14 d:/mounriver_studio/toolchain/risc-v embedded gcc/bin/../lib/gcc/riscv-none-embed/8.2.0/../../../../riscv-none-embed/lib/rv32imacxw/ilp32\libg_nano.a(lib_a-nano-msizer.o)
                0x0000000000008644                _malloc_usable_size_r
 .text._close   0x0000000000008658       0x10 d:/mounriver_studio/toolchain/risc-v embedded gcc/bin/../lib/gcc/riscv-none-embed/8.2.0/../../../../riscv-none-embed/lib/rv32imacxw/ilp32\libnosys.a(close.o)
                0x0000000000008658                _close
 .text._fstat   0x0000000000008668       0x10 d:/mounriver_studio/toolchain/risc-v embedded gcc/bin/../lib/gcc/riscv-none-embed/8.2.0/../../../../riscv-none-embed/lib/rv32imacxw/ilp32\libnosys.a(fstat.o)
                0x0000000000008668                _fstat
 .text._isatty  0x0000000000008678       0x10 d:/mounriver_studio/toolchain/risc-v embedded gcc/bin/../lib/gcc/riscv-none-embed/8.2.0/../../../../riscv-none-embed/lib/rv32imacxw/ilp32\libnosys.a(isatty.o)
                0x0000000000008678                _isatty
 .text._lseek   0x0000000000008688       0x10 d:/mounriver_studio/toolchain/risc-v embedded gcc/bin/../lib/gcc/riscv-none-embed/8.2.0/../../../../riscv-none-embed/lib/rv32imacxw/ilp32\libnosys.a(lseek.o)
                0x0000000000008688                _lseek
 .text._read    0x0000000000008698       0x10 d:/mounriver_studio/toolchain/risc-v embedded gcc/bin/../lib/gcc/riscv-none-embed/8.2.0/../../../../riscv-none-embed/lib/rv32imacxw/ilp32\libnosys.a(read.o)
                0x0000000000008698                _read
 *(.rodata)
 *(.rodata*)
 *fill*         0x00000000000086a8        0x0 
 .rodata.DAP_ProcessCommand
                0x00000000000086a8       0x78 ./DAP/Source/DAP.o
 .rodata.DAP_ProcessCommand.str1.4
                0x0000000000008720        0xf ./DAP/Source/DAP.o
 *fill*         0x000000000000872f        0x1 
 .rodata.cdc_acm_class_interface_request_handler.str1.4
                0x0000000000008730       0x3d ./CherryUSB/usbd_cdc.o
 *fill*         0x000000000000876d        0x3 
 .rodata.usbd_event_ep0_out_complete_handler
                0x0000000000008770       0x28 ./CherryUSB/usbd_core.o
 .rodata.usbd_event_ep0_setup_complete_handler
                0x0000000000008798       0x28 ./CherryUSB/usbd_core.o
 .rodata.usbd_event_ep0_out_complete_handler.str1.4
                0x00000000000087c0      0x21f ./CherryUSB/usbd_core.o
                                        0x227 (size before relaxing)
 *fill*         0x00000000000089df        0x1 
 .rodata.usbd_event_ep0_setup_complete_handler.str1.4
                0x00000000000089e0       0x1a ./CherryUSB/usbd_core.o
 *fill*         0x00000000000089fa        0x2 
 .rodata.USBD_BinaryObjectStoreDescriptor
                0x00000000000089fc       0x21 ./CherryDAP/dap_main.o
                0x00000000000089fc                USBD_BinaryObjectStoreDescriptor
 *fill*         0x0000000000008a1d        0x3 
 .rodata.USBD_WinUSBDescriptorSetDescriptor
                0x0000000000008a20       0xaa ./CherryDAP/dap_main.o
                0x0000000000008a20                USBD_WinUSBDescriptorSetDescriptor
 *fill*         0x0000000000008aca        0x2 
 .rodata.cmsisdap_descriptor
                0x0000000000008acc       0xe3 ./CherryDAP/dap_main.o
                0x0000000000008acc                cmsisdap_descriptor
 *fill*         0x0000000000008baf        0x1 
 .rodata.__sf_fake_stderr
                0x0000000000008bb0       0x20 d:/mounriver_studio/toolchain/risc-v embedded gcc/bin/../lib/gcc/riscv-none-embed/8.2.0/../../../../riscv-none-embed/lib/rv32imacxw/ilp32\libg_nano.a(lib_a-findfp.o)
                0x0000000000008bb0                __sf_fake_stderr
 .rodata.__sf_fake_stdin
                0x0000000000008bd0       0x20 d:/mounriver_studio/toolchain/risc-v embedded gcc/bin/../lib/gcc/riscv-none-embed/8.2.0/../../../../riscv-none-embed/lib/rv32imacxw/ilp32\libg_nano.a(lib_a-findfp.o)
                0x0000000000008bd0                __sf_fake_stdin
 .rodata.__sf_fake_stdout
                0x0000000000008bf0       0x20 d:/mounriver_studio/toolchain/risc-v embedded gcc/bin/../lib/gcc/riscv-none-embed/8.2.0/../../../../riscv-none-embed/lib/rv32imacxw/ilp32\libg_nano.a(lib_a-findfp.o)
                0x0000000000008bf0                __sf_fake_stdout
 .rodata._svfprintf_r.str1.4
                0x0000000000008c10       0x13 d:/mounriver_studio/toolchain/risc-v embedded gcc/bin/../lib/gcc/riscv-none-embed/8.2.0/../../../../riscv-none-embed/lib/rv32imacxw/ilp32\libg_nano.a(lib_a-nano-svfprintf.o)
 .rodata._vfprintf_r.str1.4
                0x0000000000008c23       0x13 d:/mounriver_studio/toolchain/risc-v embedded gcc/bin/../lib/gcc/riscv-none-embed/8.2.0/../../../../riscv-none-embed/lib/rv32imacxw/ilp32\libg_nano.a(lib_a-nano-vfprintf.o)
 *fill*         0x0000000000008c23        0x1 
 .rodata._printf_i.str1.4
                0x0000000000008c24       0x28 d:/mounriver_studio/toolchain/risc-v embedded gcc/bin/../lib/gcc/riscv-none-embed/8.2.0/../../../../riscv-none-embed/lib/rv32imacxw/ilp32\libg_nano.a(lib_a-nano-vfprintf_i.o)
                                         0x25 (size before relaxing)
 *(.gnu.linkonce.t.*)
                0x0000000000008c4c                . = ALIGN (0x4)

.rela.dyn       0x0000000000008c4c        0x0
 .rela.init     0x0000000000008c4c        0x0 ./User/ch32v30x_it.o
 .rela.vector   0x0000000000008c4c        0x0 ./User/ch32v30x_it.o
 .rela.text.handle_reset
                0x0000000000008c4c        0x0 ./User/ch32v30x_it.o
 .rela.text._sbrk
                0x0000000000008c4c        0x0 ./User/ch32v30x_it.o
 .rela.sdata.curbrk.5215
                0x0000000000008c4c        0x0 ./User/ch32v30x_it.o
 .rela.text.cdc_acm_class_interface_request_handler
                0x0000000000008c4c        0x0 ./User/ch32v30x_it.o
 .rela.text._svfprintf_r
                0x0000000000008c4c        0x0 ./User/ch32v30x_it.o
 .rela.text._vfprintf_r
                0x0000000000008c4c        0x0 ./User/ch32v30x_it.o
 .rela.text._sbrk_r
                0x0000000000008c4c        0x0 ./User/ch32v30x_it.o
 .rela.text._write_r
                0x0000000000008c4c        0x0 ./User/ch32v30x_it.o
 .rela.text._close_r
                0x0000000000008c4c        0x0 ./User/ch32v30x_it.o
 .rela.text._fstat_r
                0x0000000000008c4c        0x0 ./User/ch32v30x_it.o
 .rela.text._isatty_r
                0x0000000000008c4c        0x0 ./User/ch32v30x_it.o
 .rela.text._lseek_r
                0x0000000000008c4c        0x0 ./User/ch32v30x_it.o
 .rela.text._read_r
                0x0000000000008c4c        0x0 ./User/ch32v30x_it.o
 .rela.text._close
                0x0000000000008c4c        0x0 ./User/ch32v30x_it.o
 .rela.text._fstat
                0x0000000000008c4c        0x0 ./User/ch32v30x_it.o
 .rela.text._isatty
                0x0000000000008c4c        0x0 ./User/ch32v30x_it.o
 .rela.text._lseek
                0x0000000000008c4c        0x0 ./User/ch32v30x_it.o
 .rela.text._read
                0x0000000000008c4c        0x0 ./User/ch32v30x_it.o

.fini           0x0000000000008c4c        0x0
 *(SORT_NONE(.fini))
                0x0000000000008c4c                . = ALIGN (0x4)
                [!provide]                        PROVIDE (_etext = .)
                [!provide]                        PROVIDE (_eitcm = .)

.preinit_array  0x0000000000008c4c        0x0
                [!provide]                        PROVIDE (__preinit_array_start = .)
 *(.preinit_array)
                [!provide]                        PROVIDE (__preinit_array_end = .)

.init_array     0x0000000000008c4c        0x0
                [!provide]                        PROVIDE (__init_array_start = .)
 *(SORT_BY_INIT_PRIORITY(.init_array.*) SORT_BY_INIT_PRIORITY(.ctors.*))
 *(.init_array EXCLUDE_FILE(*crtend?.o *crtend.o *crtbegin?.o *crtbegin.o) .ctors)
                [!provide]                        PROVIDE (__init_array_end = .)

.fini_array     0x0000000000008c4c        0x0
                [!provide]                        PROVIDE (__fini_array_start = .)
 *(SORT_BY_INIT_PRIORITY(.fini_array.*) SORT_BY_INIT_PRIORITY(.dtors.*))
 *(.fini_array EXCLUDE_FILE(*crtend?.o *crtend.o *crtbegin?.o *crtbegin.o) .dtors)
                [!provide]                        PROVIDE (__fini_array_end = .)

.ctors
 *crtbegin.o(.ctors)
 *crtbegin?.o(.ctors)
 *(EXCLUDE_FILE(*crtend?.o *crtend.o) .ctors)
 *(SORT_BY_NAME(.ctors.*))
 *(.ctors)

.dtors
 *crtbegin.o(.dtors)
 *crtbegin?.o(.dtors)
 *(EXCLUDE_FILE(*crtend?.o *crtend.o) .dtors)
 *(SORT_BY_NAME(.dtors.*))
 *(.dtors)

.dalign         0x0000000020000000        0x0 load address 0x0000000000008c4c
                0x0000000020000000                . = ALIGN (0x4)
                0x0000000020000000                PROVIDE (_data_vma = .)

.dlalign        0x0000000000008c4c        0x0
                0x0000000000008c4c                . = ALIGN (0x4)
                0x0000000000008c4c                PROVIDE (_data_lma = .)

.data           0x0000000020000000       0xd0 load address 0x0000000000008c4c
 *(.gnu.linkonce.r.*)
 *(.data .data.*)
 .data.AHBPrescTable
                0x0000000020000000       0x10 ./User/system_ch32v30x.o
                0x0000000020000000                AHBPrescTable
 .data.APBAHBPrescTable
                0x0000000020000010       0x10 ./Peripheral/src/ch32v30x_rcc.o
 .data.impure_data
                0x0000000020000020       0x60 d:/mounriver_studio/toolchain/risc-v embedded gcc/bin/../lib/gcc/riscv-none-embed/8.2.0/../../../../riscv-none-embed/lib/rv32imacxw/ilp32\libg_nano.a(lib_a-impure.o)
 *(.gnu.linkonce.d.*)
                0x0000000020000080                . = ALIGN (0x8)
                0x0000000020000880                PROVIDE (__global_pointer$ = (. + 0x800))
 *(.sdata .sdata.*)
 .sdata.SystemCoreClock
                0x0000000020000080        0x4 ./User/system_ch32v30x.o
                0x0000000020000080                SystemCoreClock
 .sdata.ADCPrescTable
                0x0000000020000084        0x4 ./Peripheral/src/ch32v30x_rcc.o
 .sdata.curbrk.5215
                0x0000000020000088        0x4 ./Debug/debug.o
 .sdata.bos_desc
                0x000000002000008c        0x8 ./CherryDAP/dap_main.o
                0x000000002000008c                bos_desc
 .sdata.cdc_in_ep
                0x0000000020000094        0x8 ./CherryDAP/dap_main.o
 .sdata.cdc_out_ep
                0x000000002000009c        0x8 ./CherryDAP/dap_main.o
 .sdata.dap_in_ep
                0x00000000200000a4        0x8 ./CherryDAP/dap_main.o
 .sdata.dap_out_ep
                0x00000000200000ac        0x8 ./CherryDAP/dap_main.o
 .sdata.msosv2_desc
                0x00000000200000b4        0x8 ./CherryDAP/dap_main.o
                0x00000000200000b4                msosv2_desc
 .sdata._impure_ptr
                0x00000000200000bc        0x4 d:/mounriver_studio/toolchain/risc-v embedded gcc/bin/../lib/gcc/riscv-none-embed/8.2.0/../../../../riscv-none-embed/lib/rv32imacxw/ilp32\libg_nano.a(lib_a-impure.o)
                0x00000000200000bc                _impure_ptr
 *(.sdata2.*)
 .sdata2.DAP_FW_Ver
                0x00000000200000c0        0x6 ./DAP/Source/DAP.o
 *fill*         0x00000000200000c6        0x2 
 .sdata2._global_impure_ptr
                0x00000000200000c8        0x4 d:/mounriver_studio/toolchain/risc-v embedded gcc/bin/../lib/gcc/riscv-none-embed/8.2.0/../../../../riscv-none-embed/lib/rv32imacxw/ilp32\libg_nano.a(lib_a-impure.o)
                0x00000000200000c8                _global_impure_ptr
 *(.gnu.linkonce.s.*)
                0x00000000200000d0                . = ALIGN (0x8)
 *fill*         0x00000000200000cc        0x4 
 *(.srodata.cst16)
 *(.srodata.cst8)
 *(.srodata.cst4)
 *(.srodata.cst2)
 *(.srodata .srodata.*)
                0x00000000200000d0                . = ALIGN (0x4)
                0x00000000200000d0                PROVIDE (_edata = .)

.noncacheable   0x00000000200000d0     0x6410 load address 0x0000000000008d1c
 .noncacheable  0x00000000200000d0      0x210 ./CherryUSB/usbd_core.o
                0x00000000200000d0                g_usbd_core
 .noncacheable  0x00000000200002e0     0x6200 ./CherryDAP/dap_main.o

.bss            0x00000000200064e0      0x5a4 load address 0x000000000000f12c
                0x00000000200064e0                . = ALIGN (0x4)
                0x00000000200064e0                PROVIDE (_sbss = .)
 *(.sbss*)
 .sbss.NVIC_Priority_Group
                0x00000000200064e0        0x4 ./Peripheral/src/ch32v30x_misc.o
                0x00000000200064e0                NVIC_Priority_Group
 .sbss.p_ms     0x00000000200064e4        0x2 ./Debug/debug.o
 .sbss.p_us     0x00000000200064e6        0x1 ./Debug/debug.o
 .sbss.DAP_TransferAbort
                0x00000000200064e7        0x1 ./DAP/Source/DAP.o
                0x00000000200064e7                DAP_TransferAbort
 .sbss.dap_state
                0x00000000200064e8        0x8 ./DAP/swd_host.o
 .sbss.ep0_rx_data_toggle
                0x00000000200064f0        0x1 ./CherryUSB/usb_dc_usbhs.o
                0x00000000200064f0                ep0_rx_data_toggle
 .sbss.ep0_tx_data_toggle
                0x00000000200064f1        0x1 ./CherryUSB/usb_dc_usbhs.o
                0x00000000200064f1                ep0_tx_data_toggle
 .sbss.USB_RequestCountI
                0x00000000200064f2        0x2 ./CherryDAP/dap_main.o
 .sbss.USB_RequestCountO
                0x00000000200064f4        0x2 ./CherryDAP/dap_main.o
 .sbss.USB_RequestIdle
                0x00000000200064f6        0x1 ./CherryDAP/dap_main.o
 *fill*         0x00000000200064f7        0x1 
 .sbss.USB_RequestIndexI
                0x00000000200064f8        0x2 ./CherryDAP/dap_main.o
 .sbss.USB_RequestIndexO
                0x00000000200064fa        0x2 ./CherryDAP/dap_main.o
 .sbss.USB_ResponseCountI
                0x00000000200064fc        0x2 ./CherryDAP/dap_main.o
 .sbss.USB_ResponseCountO
                0x00000000200064fe        0x2 ./CherryDAP/dap_main.o
 .sbss.USB_ResponseIdle
                0x0000000020006500        0x1 ./CherryDAP/dap_main.o
 *fill*         0x0000000020006501        0x1 
 .sbss.USB_ResponseIndexI
                0x0000000020006502        0x2 ./CherryDAP/dap_main.o
 .sbss.USB_ResponseIndexO
                0x0000000020006504        0x2 ./CherryDAP/dap_main.o
 .sbss.config_uart
                0x0000000020006506        0x1 ./CherryDAP/dap_main.o
                0x0000000020006506                config_uart
 .sbss.config_uart_transfer
                0x0000000020006507        0x1 ./CherryDAP/dap_main.o
                0x0000000020006507                config_uart_transfer
 .sbss.g_cdc_lincoding
                0x0000000020006508        0x7 ./CherryDAP/dap_main.o
                0x0000000020006508                g_cdc_lincoding
 .sbss.uarttx_idle_flag
                0x000000002000650f        0x1 ./CherryDAP/dap_main.o
 .sbss.usbrx_idle_flag
                0x0000000020006510        0x1 ./CherryDAP/dap_main.o
 .sbss.usbtx_idle_flag
                0x0000000020006511        0x1 ./CherryDAP/dap_main.o
 *fill*         0x0000000020006512        0x2 
 .sbss.__malloc_free_list
                0x0000000020006514        0x4 d:/mounriver_studio/toolchain/risc-v embedded gcc/bin/../lib/gcc/riscv-none-embed/8.2.0/../../../../riscv-none-embed/lib/rv32imacxw/ilp32\libg_nano.a(lib_a-nano-mallocr.o)
                0x0000000020006514                __malloc_free_list
 .sbss.__malloc_sbrk_start
                0x0000000020006518        0x4 d:/mounriver_studio/toolchain/risc-v embedded gcc/bin/../lib/gcc/riscv-none-embed/8.2.0/../../../../riscv-none-embed/lib/rv32imacxw/ilp32\libg_nano.a(lib_a-nano-mallocr.o)
                0x0000000020006518                __malloc_sbrk_start
 *(.gnu.linkonce.sb.*)
 *(.bss*)
 .bss.RxBuffer1
                0x000000002000651c      0x200 ./User/usb2uart.o
                0x000000002000651c                RxBuffer1
 .bss.DAP_Data  0x000000002000671c       0x44 ./DAP/Source/DAP.o
                0x000000002000671c                DAP_Data
 .bss.epx_tx_data_toggle
                0x0000000020006760        0xf ./CherryUSB/usb_dc_usbhs.o
                0x0000000020006760                epx_tx_data_toggle
 *fill*         0x000000002000676f        0x1 
 .bss.g_ch32_usbhs_udc
                0x0000000020006770      0x28c ./CherryUSB/usb_dc_usbhs.o
                0x0000000020006770                g_ch32_usbhs_udc
 .bss.USB_RespSize
                0x00000000200069fc       0x10 ./CherryDAP/dap_main.o
 .bss.dap_intf  0x0000000020006a0c       0x1c ./CherryDAP/dap_main.o
                0x0000000020006a0c                dap_intf
 .bss.g_uartrx  0x0000000020006a28       0x10 ./CherryDAP/dap_main.o
                0x0000000020006a28                g_uartrx
 .bss.g_usbrx   0x0000000020006a38       0x10 ./CherryDAP/dap_main.o
                0x0000000020006a38                g_usbrx
 .bss.intf1     0x0000000020006a48       0x1c ./CherryDAP/dap_main.o
                0x0000000020006a48                intf1
 .bss.intf2     0x0000000020006a64       0x1c ./CherryDAP/dap_main.o
                0x0000000020006a64                intf2
 *(.gnu.linkonce.b.*)
 *(COMMON*)
 COMMON         0x0000000020006a80        0x4 d:/mounriver_studio/toolchain/risc-v embedded gcc/bin/../lib/gcc/riscv-none-embed/8.2.0/../../../../riscv-none-embed/lib/rv32imacxw/ilp32\libg_nano.a(lib_a-reent.o)
                0x0000000020006a80                errno
                0x0000000020006a84                . = ALIGN (0x4)
                0x0000000020006a84                PROVIDE (_ebss = .)
                0x0000000020006a84                PROVIDE (_end = _ebss)
                [!provide]                        PROVIDE (end = .)

.stack          0x0000000020007800      0x800
                0x0000000020007800                PROVIDE (_heap_end = .)
                0x0000000020007800                . = ALIGN (0x4)
                [!provide]                        PROVIDE (_susrstack = .)
                0x0000000020008000                . = (. + __stack_size)
 *fill*         0x0000000020007800      0x800 
                0x0000000020008000                PROVIDE (_eusrstack = .)
OUTPUT(ISO_DAPlink_MINI_V1.1.elf elf32-littleriscv)

.debug_info     0x0000000000000000    0x21bda
 .debug_info    0x0000000000000000      0x962 ./User/ch32v30x_it.o
 .debug_info    0x0000000000000962     0x13e1 ./User/main.o
 .debug_info    0x0000000000001d43      0xb89 ./User/system_ch32v30x.o
 .debug_info    0x00000000000028cc     0x1210 ./User/usb2uart.o
 .debug_info    0x0000000000003adc       0x22 ./Startup/startup_ch32v30x_D8C.o
 .debug_info    0x0000000000003afe      0xd40 ./Peripheral/src/ch32v30x_dma.o
 .debug_info    0x000000000000483e     0x1104 ./Peripheral/src/ch32v30x_gpio.o
 .debug_info    0x0000000000005942      0xfb3 ./Peripheral/src/ch32v30x_misc.o
 .debug_info    0x00000000000068f5     0x15d6 ./Peripheral/src/ch32v30x_rcc.o
 .debug_info    0x0000000000007ecb     0x14cb ./Peripheral/src/ch32v30x_usart.o
 .debug_info    0x0000000000009396      0xcb6 ./Debug/debug.o
 .debug_info    0x000000000000a04c     0x2c62 ./DAP/Source/DAP.o
 .debug_info    0x000000000000ccae      0xb67 ./DAP/Source/DAP_vendor.o
 .debug_info    0x000000000000d815     0x375e ./DAP/Source/JTAG_DP.o
 .debug_info    0x0000000000010f73     0x245e ./DAP/Source/SW_DP.o
 .debug_info    0x00000000000133d1     0x65a9 ./DAP/swd_host.o
 .debug_info    0x000000000001997a     0x15cd ./CherryUSB/usb_dc_usbhs.o
 .debug_info    0x000000000001af47      0xdd7 ./CherryUSB/usbd_cdc.o
 .debug_info    0x000000000001bd1e     0x3039 ./CherryUSB/usbd_core.o
 .debug_info    0x000000000001ed57     0x125a ./CherryRB/chry_ringbuffer.o
 .debug_info    0x000000000001ffb1     0x1c29 ./CherryDAP/dap_main.o

.debug_abbrev   0x0000000000000000     0x463f
 .debug_abbrev  0x0000000000000000      0x1cf ./User/ch32v30x_it.o
 .debug_abbrev  0x00000000000001cf      0x344 ./User/main.o
 .debug_abbrev  0x0000000000000513      0x2c0 ./User/system_ch32v30x.o
 .debug_abbrev  0x00000000000007d3      0x35d ./User/usb2uart.o
 .debug_abbrev  0x0000000000000b30       0x12 ./Startup/startup_ch32v30x_D8C.o
 .debug_abbrev  0x0000000000000b42      0x33b ./Peripheral/src/ch32v30x_dma.o
 .debug_abbrev  0x0000000000000e7d      0x2fe ./Peripheral/src/ch32v30x_gpio.o
 .debug_abbrev  0x000000000000117b      0x2f2 ./Peripheral/src/ch32v30x_misc.o
 .debug_abbrev  0x000000000000146d      0x3dd ./Peripheral/src/ch32v30x_rcc.o
 .debug_abbrev  0x000000000000184a      0x307 ./Peripheral/src/ch32v30x_usart.o
 .debug_abbrev  0x0000000000001b51      0x2c6 ./Debug/debug.o
 .debug_abbrev  0x0000000000001e17      0x513 ./DAP/Source/DAP.o
 .debug_abbrev  0x000000000000232a      0x1fc ./DAP/Source/DAP_vendor.o
 .debug_abbrev  0x0000000000002526      0x425 ./DAP/Source/JTAG_DP.o
 .debug_abbrev  0x000000000000294b      0x3c8 ./DAP/Source/SW_DP.o
 .debug_abbrev  0x0000000000002d13      0x5a7 ./DAP/swd_host.o
 .debug_abbrev  0x00000000000032ba      0x36c ./CherryUSB/usb_dc_usbhs.o
 .debug_abbrev  0x0000000000003626      0x330 ./CherryUSB/usbd_cdc.o
 .debug_abbrev  0x0000000000003956      0x4c6 ./CherryUSB/usbd_core.o
 .debug_abbrev  0x0000000000003e1c      0x40c ./CherryRB/chry_ringbuffer.o
 .debug_abbrev  0x0000000000004228      0x417 ./CherryDAP/dap_main.o

.debug_aranges  0x0000000000000000      0x9b0
 .debug_aranges
                0x0000000000000000       0x28 ./User/ch32v30x_it.o
 .debug_aranges
                0x0000000000000028       0x40 ./User/main.o
 .debug_aranges
                0x0000000000000068       0x28 ./User/system_ch32v30x.o
 .debug_aranges
                0x0000000000000090       0x38 ./User/usb2uart.o
 .debug_aranges
                0x00000000000000c8       0x30 ./Startup/startup_ch32v30x_D8C.o
 .debug_aranges
                0x00000000000000f8       0x60 ./Peripheral/src/ch32v30x_dma.o
 .debug_aranges
                0x0000000000000158       0xa8 ./Peripheral/src/ch32v30x_gpio.o
 .debug_aranges
                0x0000000000000200       0x28 ./Peripheral/src/ch32v30x_misc.o
 .debug_aranges
                0x0000000000000228      0x1a8 ./Peripheral/src/ch32v30x_rcc.o
 .debug_aranges
                0x00000000000003d0      0x100 ./Peripheral/src/ch32v30x_usart.o
 .debug_aranges
                0x00000000000004d0       0x48 ./Debug/debug.o
 .debug_aranges
                0x0000000000000518       0x40 ./DAP/Source/DAP.o
 .debug_aranges
                0x0000000000000558       0x20 ./DAP/Source/DAP_vendor.o
 .debug_aranges
                0x0000000000000578       0x40 ./DAP/Source/JTAG_DP.o
 .debug_aranges
                0x00000000000005b8       0x30 ./DAP/Source/SW_DP.o
 .debug_aranges
                0x00000000000005e8      0x100 ./DAP/swd_host.o
 .debug_aranges
                0x00000000000006e8       0x80 ./CherryUSB/usb_dc_usbhs.o
 .debug_aranges
                0x0000000000000768       0x48 ./CherryUSB/usbd_cdc.o
 .debug_aranges
                0x00000000000007b0       0xb8 ./CherryUSB/usbd_core.o
 .debug_aranges
                0x0000000000000868       0xc8 ./CherryRB/chry_ringbuffer.o
 .debug_aranges
                0x0000000000000930       0x80 ./CherryDAP/dap_main.o

.debug_ranges   0x0000000000000000     0x4048
 .debug_ranges  0x0000000000000000       0x18 ./User/ch32v30x_it.o
 .debug_ranges  0x0000000000000018       0x30 ./User/main.o
 .debug_ranges  0x0000000000000048       0x38 ./User/system_ch32v30x.o
 .debug_ranges  0x0000000000000080       0x60 ./User/usb2uart.o
 .debug_ranges  0x00000000000000e0       0x28 ./Startup/startup_ch32v30x_D8C.o
 .debug_ranges  0x0000000000000108       0x50 ./Peripheral/src/ch32v30x_dma.o
 .debug_ranges  0x0000000000000158       0x98 ./Peripheral/src/ch32v30x_gpio.o
 .debug_ranges  0x00000000000001f0       0x68 ./Peripheral/src/ch32v30x_misc.o
 .debug_ranges  0x0000000000000258      0x1e8 ./Peripheral/src/ch32v30x_rcc.o
 .debug_ranges  0x0000000000000440       0xf0 ./Peripheral/src/ch32v30x_usart.o
 .debug_ranges  0x0000000000000530       0x38 ./Debug/debug.o
 .debug_ranges  0x0000000000000568      0x818 ./DAP/Source/DAP.o
 .debug_ranges  0x0000000000000d80       0x10 ./DAP/Source/DAP_vendor.o
 .debug_ranges  0x0000000000000d90      0xcb8 ./DAP/Source/JTAG_DP.o
 .debug_ranges  0x0000000000001a48      0xa28 ./DAP/Source/SW_DP.o
 .debug_ranges  0x0000000000002470     0x10c8 ./DAP/swd_host.o
 .debug_ranges  0x0000000000003538       0xa8 ./CherryUSB/usb_dc_usbhs.o
 .debug_ranges  0x00000000000035e0       0x38 ./CherryUSB/usbd_cdc.o
 .debug_ranges  0x0000000000003618      0x810 ./CherryUSB/usbd_core.o
 .debug_ranges  0x0000000000003e28      0x178 ./CherryRB/chry_ringbuffer.o
 .debug_ranges  0x0000000000003fa0       0xa8 ./CherryDAP/dap_main.o

.debug_line     0x0000000000000000    0x225b7
 .debug_line    0x0000000000000000      0x20c ./User/ch32v30x_it.o
 .debug_line    0x000000000000020c      0x7c8 ./User/main.o
 .debug_line    0x00000000000009d4      0x797 ./User/system_ch32v30x.o
 .debug_line    0x000000000000116b      0xb95 ./User/usb2uart.o
 .debug_line    0x0000000000001d00      0x356 ./Startup/startup_ch32v30x_D8C.o
 .debug_line    0x0000000000002056      0x9f7 ./Peripheral/src/ch32v30x_dma.o
 .debug_line    0x0000000000002a4d     0x20e6 ./Peripheral/src/ch32v30x_gpio.o
 .debug_line    0x0000000000004b33      0x546 ./Peripheral/src/ch32v30x_misc.o
 .debug_line    0x0000000000005079     0x1b4b ./Peripheral/src/ch32v30x_rcc.o
 .debug_line    0x0000000000006bc4     0x1071 ./Peripheral/src/ch32v30x_usart.o
 .debug_line    0x0000000000007c35      0x58e ./Debug/debug.o
 .debug_line    0x00000000000081c3     0x4d8d ./DAP/Source/DAP.o
 .debug_line    0x000000000000cf50      0x272 ./DAP/Source/DAP_vendor.o
 .debug_line    0x000000000000d1c2     0x5323 ./DAP/Source/JTAG_DP.o
 .debug_line    0x00000000000124e5     0x3405 ./DAP/Source/SW_DP.o
 .debug_line    0x00000000000158ea     0x5bbb ./DAP/swd_host.o
 .debug_line    0x000000000001b4a5     0x150c ./CherryUSB/usb_dc_usbhs.o
 .debug_line    0x000000000001c9b1      0x5fb ./CherryUSB/usbd_cdc.o
 .debug_line    0x000000000001cfac     0x36a3 ./CherryUSB/usbd_core.o
 .debug_line    0x000000000002064f      0xdd0 ./CherryRB/chry_ringbuffer.o
 .debug_line    0x000000000002141f     0x1198 ./CherryDAP/dap_main.o

.debug_str      0x0000000000000000     0x40dd
 .debug_str     0x0000000000000000      0x522 ./User/ch32v30x_it.o
                                        0x5b1 (size before relaxing)
 .debug_str     0x0000000000000522      0x947 ./User/main.o
                                        0xef3 (size before relaxing)
 .debug_str     0x0000000000000e69       0xf6 ./User/system_ch32v30x.o
                                        0x6c8 (size before relaxing)
 .debug_str     0x0000000000000f5f      0x2b5 ./User/usb2uart.o
                                        0xa81 (size before relaxing)
 .debug_str     0x0000000000001214       0x2e ./Startup/startup_ch32v30x_D8C.o
                                         0x65 (size before relaxing)
 .debug_str     0x0000000000001242      0x135 ./Peripheral/src/ch32v30x_dma.o
                                        0x7ee (size before relaxing)
 .debug_str     0x0000000000001377      0x216 ./Peripheral/src/ch32v30x_gpio.o
                                        0x96c (size before relaxing)
 .debug_str     0x000000000000158d      0x105 ./Peripheral/src/ch32v30x_misc.o
                                        0xcc6 (size before relaxing)
 .debug_str     0x0000000000001692      0x531 ./Peripheral/src/ch32v30x_rcc.o
                                        0xcc5 (size before relaxing)
 .debug_str     0x0000000000001bc3      0x367 ./Peripheral/src/ch32v30x_usart.o
                                        0xb12 (size before relaxing)
 .debug_str     0x0000000000001f2a       0x7d ./Debug/debug.o
                                        0x7ec (size before relaxing)
 .debug_str     0x0000000000001fa7      0x64f ./DAP/Source/DAP.o
                                        0xe11 (size before relaxing)
 .debug_str     0x00000000000025f6       0x1b ./DAP/Source/DAP_vendor.o
                                        0x6cb (size before relaxing)
 .debug_str     0x0000000000002611       0x71 ./DAP/Source/JTAG_DP.o
                                        0x802 (size before relaxing)
 .debug_str     0x0000000000002682       0x5d ./DAP/Source/SW_DP.o
                                        0x7f6 (size before relaxing)
 .debug_str     0x00000000000026df      0x372 ./DAP/swd_host.o
                                        0xc5a (size before relaxing)
 .debug_str     0x0000000000002a51      0x897 ./CherryUSB/usb_dc_usbhs.o
                                        0xeeb (size before relaxing)
 .debug_str     0x00000000000032e8      0x1a9 ./CherryUSB/usbd_cdc.o
                                        0x7ff (size before relaxing)
 .debug_str     0x0000000000003491      0x6ea ./CherryUSB/usbd_core.o
                                        0xf80 (size before relaxing)
 .debug_str     0x0000000000003b7b      0x26c ./CherryRB/chry_ringbuffer.o
                                        0x847 (size before relaxing)
 .debug_str     0x0000000000003de7      0x2f6 ./CherryDAP/dap_main.o
                                       0x1035 (size before relaxing)

.comment        0x0000000000000000       0x33
 .comment       0x0000000000000000       0x33 ./User/ch32v30x_it.o
                                         0x34 (size before relaxing)
 .comment       0x0000000000000033       0x34 ./User/main.o
 .comment       0x0000000000000033       0x34 ./User/system_ch32v30x.o
 .comment       0x0000000000000033       0x34 ./User/usb2uart.o
 .comment       0x0000000000000033       0x34 ./Peripheral/src/ch32v30x_dma.o
 .comment       0x0000000000000033       0x34 ./Peripheral/src/ch32v30x_gpio.o
 .comment       0x0000000000000033       0x34 ./Peripheral/src/ch32v30x_misc.o
 .comment       0x0000000000000033       0x34 ./Peripheral/src/ch32v30x_rcc.o
 .comment       0x0000000000000033       0x34 ./Peripheral/src/ch32v30x_usart.o
 .comment       0x0000000000000033       0x34 ./Debug/debug.o
 .comment       0x0000000000000033       0x34 ./DAP/Source/DAP.o
 .comment       0x0000000000000033       0x34 ./DAP/Source/DAP_vendor.o
 .comment       0x0000000000000033       0x34 ./DAP/Source/JTAG_DP.o
 .comment       0x0000000000000033       0x34 ./DAP/Source/SW_DP.o
 .comment       0x0000000000000033       0x34 ./DAP/swd_host.o
 .comment       0x0000000000000033       0x34 ./CherryUSB/usb_dc_usbhs.o
 .comment       0x0000000000000033       0x34 ./CherryUSB/usbd_cdc.o
 .comment       0x0000000000000033       0x34 ./CherryUSB/usbd_core.o
 .comment       0x0000000000000033       0x34 ./CherryRB/chry_ringbuffer.o
 .comment       0x0000000000000033       0x34 ./CherryDAP/dap_main.o

.debug_frame    0x0000000000000000     0x2604
 .debug_frame   0x0000000000000000       0x30 ./User/ch32v30x_it.o
 .debug_frame   0x0000000000000030       0xb4 ./User/main.o
 .debug_frame   0x00000000000000e4       0x40 ./User/system_ch32v30x.o
 .debug_frame   0x0000000000000124       0xb0 ./User/usb2uart.o
 .debug_frame   0x00000000000001d4       0xc0 ./Peripheral/src/ch32v30x_dma.o
 .debug_frame   0x0000000000000294      0x15c ./Peripheral/src/ch32v30x_gpio.o
 .debug_frame   0x00000000000003f0       0x30 ./Peripheral/src/ch32v30x_misc.o
 .debug_frame   0x0000000000000420      0x33c ./Peripheral/src/ch32v30x_rcc.o
 .debug_frame   0x000000000000075c      0x224 ./Peripheral/src/ch32v30x_usart.o
 .debug_frame   0x0000000000000980       0x70 ./Debug/debug.o
 .debug_frame   0x00000000000009f0       0xdc ./DAP/Source/DAP.o
 .debug_frame   0x0000000000000acc       0x20 ./DAP/Source/DAP_vendor.o
 .debug_frame   0x0000000000000aec       0xdc ./DAP/Source/JTAG_DP.o
 .debug_frame   0x0000000000000bc8       0x94 ./DAP/Source/SW_DP.o
 .debug_frame   0x0000000000000c5c      0x628 ./DAP/swd_host.o
 .debug_frame   0x0000000000001284      0x130 ./CherryUSB/usb_dc_usbhs.o
 .debug_frame   0x00000000000013b4       0xcc ./CherryUSB/usbd_cdc.o
 .debug_frame   0x0000000000001480      0x2cc ./CherryUSB/usbd_core.o
 .debug_frame   0x000000000000174c      0x1d8 ./CherryRB/chry_ringbuffer.o
 .debug_frame   0x0000000000001924      0x1c4 ./CherryDAP/dap_main.o
 .debug_frame   0x0000000000001ae8       0x20 d:/mounriver_studio/toolchain/risc-v embedded gcc/bin/../lib/gcc/riscv-none-embed/8.2.0/../../../../riscv-none-embed/lib/rv32imacxw/ilp32\libg_nano.a(lib_a-memcmp.o)
 .debug_frame   0x0000000000001b08       0x20 d:/mounriver_studio/toolchain/risc-v embedded gcc/bin/../lib/gcc/riscv-none-embed/8.2.0/../../../../riscv-none-embed/lib/rv32imacxw/ilp32\libg_nano.a(lib_a-memcpy.o)
 .debug_frame   0x0000000000001b28       0x54 d:/mounriver_studio/toolchain/risc-v embedded gcc/bin/../lib/gcc/riscv-none-embed/8.2.0/../../../../riscv-none-embed/lib/rv32imacxw/ilp32\libg_nano.a(lib_a-printf.o)
 .debug_frame   0x0000000000001b7c       0x54 d:/mounriver_studio/toolchain/risc-v embedded gcc/bin/../lib/gcc/riscv-none-embed/8.2.0/../../../../riscv-none-embed/lib/rv32imacxw/ilp32\libg_nano.a(lib_a-puts.o)
 .debug_frame   0x0000000000001bd0       0x48 d:/mounriver_studio/toolchain/risc-v embedded gcc/bin/../lib/gcc/riscv-none-embed/8.2.0/../../../../riscv-none-embed/lib/rv32imacxw/ilp32\libg_nano.a(lib_a-sprintf.o)
 .debug_frame   0x0000000000001c18       0x20 d:/mounriver_studio/toolchain/risc-v embedded gcc/bin/../lib/gcc/riscv-none-embed/8.2.0/../../../../riscv-none-embed/lib/rv32imacxw/ilp32\libg_nano.a(lib_a-strlen.o)
 .debug_frame   0x0000000000001c38       0x50 d:/mounriver_studio/toolchain/risc-v embedded gcc/bin/../lib/gcc/riscv-none-embed/8.2.0/../../../../riscv-none-embed/lib/rv32imacxw/ilp32\libg_nano.a(lib_a-wbuf.o)
 .debug_frame   0x0000000000001c88       0x3c d:/mounriver_studio/toolchain/risc-v embedded gcc/bin/../lib/gcc/riscv-none-embed/8.2.0/../../../../riscv-none-embed/lib/rv32imacxw/ilp32\libg_nano.a(lib_a-wsetup.o)
 .debug_frame   0x0000000000001cc4       0x7c d:/mounriver_studio/toolchain/risc-v embedded gcc/bin/../lib/gcc/riscv-none-embed/8.2.0/../../../../riscv-none-embed/lib/rv32imacxw/ilp32\libg_nano.a(lib_a-fflush.o)
 .debug_frame   0x0000000000001d40      0x148 d:/mounriver_studio/toolchain/risc-v embedded gcc/bin/../lib/gcc/riscv-none-embed/8.2.0/../../../../riscv-none-embed/lib/rv32imacxw/ilp32\libg_nano.a(lib_a-findfp.o)
 .debug_frame   0x0000000000001e88       0x88 d:/mounriver_studio/toolchain/risc-v embedded gcc/bin/../lib/gcc/riscv-none-embed/8.2.0/../../../../riscv-none-embed/lib/rv32imacxw/ilp32\libg_nano.a(lib_a-fwalk.o)
 .debug_frame   0x0000000000001f10       0x64 d:/mounriver_studio/toolchain/risc-v embedded gcc/bin/../lib/gcc/riscv-none-embed/8.2.0/../../../../riscv-none-embed/lib/rv32imacxw/ilp32\libg_nano.a(lib_a-makebuf.o)
 .debug_frame   0x0000000000001f74       0x40 d:/mounriver_studio/toolchain/risc-v embedded gcc/bin/../lib/gcc/riscv-none-embed/8.2.0/../../../../riscv-none-embed/lib/rv32imacxw/ilp32\libg_nano.a(lib_a-nano-freer.o)
 .debug_frame   0x0000000000001fb4       0x40 d:/mounriver_studio/toolchain/risc-v embedded gcc/bin/../lib/gcc/riscv-none-embed/8.2.0/../../../../riscv-none-embed/lib/rv32imacxw/ilp32\libg_nano.a(lib_a-nano-mallocr.o)
 .debug_frame   0x0000000000001ff4       0xe0 d:/mounriver_studio/toolchain/risc-v embedded gcc/bin/../lib/gcc/riscv-none-embed/8.2.0/../../../../riscv-none-embed/lib/rv32imacxw/ilp32\libg_nano.a(lib_a-nano-svfprintf.o)
 .debug_frame   0x00000000000020d4       0xd0 d:/mounriver_studio/toolchain/risc-v embedded gcc/bin/../lib/gcc/riscv-none-embed/8.2.0/../../../../riscv-none-embed/lib/rv32imacxw/ilp32\libg_nano.a(lib_a-nano-vfprintf.o)
 .debug_frame   0x00000000000021a4       0x8c d:/mounriver_studio/toolchain/risc-v embedded gcc/bin/../lib/gcc/riscv-none-embed/8.2.0/../../../../riscv-none-embed/lib/rv32imacxw/ilp32\libg_nano.a(lib_a-nano-vfprintf_i.o)
 .debug_frame   0x0000000000002230       0x30 d:/mounriver_studio/toolchain/risc-v embedded gcc/bin/../lib/gcc/riscv-none-embed/8.2.0/../../../../riscv-none-embed/lib/rv32imacxw/ilp32\libg_nano.a(lib_a-sbrkr.o)
 .debug_frame   0x0000000000002260       0xa4 d:/mounriver_studio/toolchain/risc-v embedded gcc/bin/../lib/gcc/riscv-none-embed/8.2.0/../../../../riscv-none-embed/lib/rv32imacxw/ilp32\libg_nano.a(lib_a-stdio.o)
 .debug_frame   0x0000000000002304       0x30 d:/mounriver_studio/toolchain/risc-v embedded gcc/bin/../lib/gcc/riscv-none-embed/8.2.0/../../../../riscv-none-embed/lib/rv32imacxw/ilp32\libg_nano.a(lib_a-writer.o)
 .debug_frame   0x0000000000002334       0x30 d:/mounriver_studio/toolchain/risc-v embedded gcc/bin/../lib/gcc/riscv-none-embed/8.2.0/../../../../riscv-none-embed/lib/rv32imacxw/ilp32\libg_nano.a(lib_a-closer.o)
 .debug_frame   0x0000000000002364       0x30 d:/mounriver_studio/toolchain/risc-v embedded gcc/bin/../lib/gcc/riscv-none-embed/8.2.0/../../../../riscv-none-embed/lib/rv32imacxw/ilp32\libg_nano.a(lib_a-fstatr.o)
 .debug_frame   0x0000000000002394       0x30 d:/mounriver_studio/toolchain/risc-v embedded gcc/bin/../lib/gcc/riscv-none-embed/8.2.0/../../../../riscv-none-embed/lib/rv32imacxw/ilp32\libg_nano.a(lib_a-isattyr.o)
 .debug_frame   0x00000000000023c4       0x30 d:/mounriver_studio/toolchain/risc-v embedded gcc/bin/../lib/gcc/riscv-none-embed/8.2.0/../../../../riscv-none-embed/lib/rv32imacxw/ilp32\libg_nano.a(lib_a-lseekr.o)
 .debug_frame   0x00000000000023f4       0x20 d:/mounriver_studio/toolchain/risc-v embedded gcc/bin/../lib/gcc/riscv-none-embed/8.2.0/../../../../riscv-none-embed/lib/rv32imacxw/ilp32\libg_nano.a(lib_a-memchr.o)
 .debug_frame   0x0000000000002414       0x20 d:/mounriver_studio/toolchain/risc-v embedded gcc/bin/../lib/gcc/riscv-none-embed/8.2.0/../../../../riscv-none-embed/lib/rv32imacxw/ilp32\libg_nano.a(lib_a-memmove.o)
 .debug_frame   0x0000000000002434       0x30 d:/mounriver_studio/toolchain/risc-v embedded gcc/bin/../lib/gcc/riscv-none-embed/8.2.0/../../../../riscv-none-embed/lib/rv32imacxw/ilp32\libg_nano.a(lib_a-mlock.o)
 .debug_frame   0x0000000000002464       0x40 d:/mounriver_studio/toolchain/risc-v embedded gcc/bin/../lib/gcc/riscv-none-embed/8.2.0/../../../../riscv-none-embed/lib/rv32imacxw/ilp32\libg_nano.a(lib_a-nano-reallocr.o)
 .debug_frame   0x00000000000024a4       0x30 d:/mounriver_studio/toolchain/risc-v embedded gcc/bin/../lib/gcc/riscv-none-embed/8.2.0/../../../../riscv-none-embed/lib/rv32imacxw/ilp32\libg_nano.a(lib_a-readr.o)
 .debug_frame   0x00000000000024d4       0x70 d:/mounriver_studio/toolchain/risc-v embedded gcc/bin/../lib/gcc/riscv-none-embed/8.2.0/../../../../riscv-none-embed/lib/rv32imacxw/ilp32\libg_nano.a(lib_a-reent.o)
 .debug_frame   0x0000000000002544       0x20 d:/mounriver_studio/toolchain/risc-v embedded gcc/bin/../lib/gcc/riscv-none-embed/8.2.0/../../../../riscv-none-embed/lib/rv32imacxw/ilp32\libg_nano.a(lib_a-nano-msizer.o)
 .debug_frame   0x0000000000002564       0x20 d:/mounriver_studio/toolchain/risc-v embedded gcc/bin/../lib/gcc/riscv-none-embed/8.2.0/../../../../riscv-none-embed/lib/rv32imacxw/ilp32\libnosys.a(close.o)
 .debug_frame   0x0000000000002584       0x20 d:/mounriver_studio/toolchain/risc-v embedded gcc/bin/../lib/gcc/riscv-none-embed/8.2.0/../../../../riscv-none-embed/lib/rv32imacxw/ilp32\libnosys.a(fstat.o)
 .debug_frame   0x00000000000025a4       0x20 d:/mounriver_studio/toolchain/risc-v embedded gcc/bin/../lib/gcc/riscv-none-embed/8.2.0/../../../../riscv-none-embed/lib/rv32imacxw/ilp32\libnosys.a(isatty.o)
 .debug_frame   0x00000000000025c4       0x20 d:/mounriver_studio/toolchain/risc-v embedded gcc/bin/../lib/gcc/riscv-none-embed/8.2.0/../../../../riscv-none-embed/lib/rv32imacxw/ilp32\libnosys.a(lseek.o)
 .debug_frame   0x00000000000025e4       0x20 d:/mounriver_studio/toolchain/risc-v embedded gcc/bin/../lib/gcc/riscv-none-embed/8.2.0/../../../../riscv-none-embed/lib/rv32imacxw/ilp32\libnosys.a(read.o)

.debug_loc      0x0000000000000000    0x1104d
 .debug_loc     0x0000000000000000       0x15 ./User/main.o
 .debug_loc     0x0000000000000015      0x11c ./User/system_ch32v30x.o
 .debug_loc     0x0000000000000131      0x18c ./User/usb2uart.o
 .debug_loc     0x00000000000002bd      0x217 ./Peripheral/src/ch32v30x_dma.o
 .debug_loc     0x00000000000004d4     0x147e ./Peripheral/src/ch32v30x_gpio.o
 .debug_loc     0x0000000000001952      0x140 ./Peripheral/src/ch32v30x_misc.o
 .debug_loc     0x0000000000001a92      0xd57 ./Peripheral/src/ch32v30x_rcc.o
 .debug_loc     0x00000000000027e9      0x82b ./Peripheral/src/ch32v30x_usart.o
 .debug_loc     0x0000000000003014       0x99 ./Debug/debug.o
 .debug_loc     0x00000000000030ad     0x37e4 ./DAP/Source/DAP.o
 .debug_loc     0x0000000000006891       0x51 ./DAP/Source/DAP_vendor.o
 .debug_loc     0x00000000000068e2     0x127c ./DAP/Source/JTAG_DP.o
 .debug_loc     0x0000000000007b5e     0x12e3 ./DAP/Source/SW_DP.o
 .debug_loc     0x0000000000008e41     0x4205 ./DAP/swd_host.o
 .debug_loc     0x000000000000d046      0x5d3 ./CherryUSB/usb_dc_usbhs.o
 .debug_loc     0x000000000000d619      0x155 ./CherryUSB/usbd_cdc.o
 .debug_loc     0x000000000000d76e     0x2da3 ./CherryUSB/usbd_core.o
 .debug_loc     0x0000000000010511      0x88f ./CherryRB/chry_ringbuffer.o
 .debug_loc     0x0000000000010da0      0x2ad ./CherryDAP/dap_main.o

.stab           0x0000000000000000       0x84
 .stab          0x0000000000000000       0x24 d:/mounriver_studio/toolchain/risc-v embedded gcc/bin/../lib/gcc/riscv-none-embed/8.2.0/../../../../riscv-none-embed/lib/rv32imacxw/ilp32\libnosys.a(close.o)
 .stab          0x0000000000000024       0x18 d:/mounriver_studio/toolchain/risc-v embedded gcc/bin/../lib/gcc/riscv-none-embed/8.2.0/../../../../riscv-none-embed/lib/rv32imacxw/ilp32\libnosys.a(fstat.o)
                                         0x24 (size before relaxing)
 .stab          0x000000000000003c       0x18 d:/mounriver_studio/toolchain/risc-v embedded gcc/bin/../lib/gcc/riscv-none-embed/8.2.0/../../../../riscv-none-embed/lib/rv32imacxw/ilp32\libnosys.a(isatty.o)
                                         0x24 (size before relaxing)
 .stab          0x0000000000000054       0x18 d:/mounriver_studio/toolchain/risc-v embedded gcc/bin/../lib/gcc/riscv-none-embed/8.2.0/../../../../riscv-none-embed/lib/rv32imacxw/ilp32\libnosys.a(lseek.o)
                                         0x24 (size before relaxing)
 .stab          0x000000000000006c       0x18 d:/mounriver_studio/toolchain/risc-v embedded gcc/bin/../lib/gcc/riscv-none-embed/8.2.0/../../../../riscv-none-embed/lib/rv32imacxw/ilp32\libnosys.a(read.o)
                                         0x24 (size before relaxing)

.stabstr        0x0000000000000000      0x117
 .stabstr       0x0000000000000000      0x117 d:/mounriver_studio/toolchain/risc-v embedded gcc/bin/../lib/gcc/riscv-none-embed/8.2.0/../../../../riscv-none-embed/lib/rv32imacxw/ilp32\libnosys.a(close.o)
